[     154ms] [INFO] Autofocus processing was blocked because a document's URL has a fragment '#gallery'. @ http://localhost:3000/#gallery:0
[     173ms] [INFO] %cDownload the React DevTools for a better development experience: https://react.dev/link/react-devtools font-weight:bold @ http://localhost:3000/_next/static/chunks/0g7g_next_dist_0sw6wv_._.js:2477
[     195ms] [LOG] [HMR] connected @ http://localhost:3000/_next/static/chunks/0g7g_next_dist_0sw6wv_._.js:2477
[    1578ms] [LOG] [Fast Refresh] rebuilding @ http://localhost:3000/_next/static/chunks/0g7g_next_dist_0sw6wv_._.js:2477
[    1585ms] [LOG] [Fast Refresh] done in 109ms @ http://localhost:3000/_next/static/chunks/0g7g_next_dist_0sw6wv_._.js:2477
[  147885ms] [LOG] [Fast Refresh] rebuilding @ http://localhost:3000/_next/static/chunks/0g7g_next_dist_0sw6wv_._.js:2477
[  147907ms] [LOG] [Fast Refresh] done in 124ms @ http://localhost:3000/_next/static/chunks/0g7g_next_dist_0sw6wv_._.js:2477
[  233570ms] [LOG] [Fast Refresh] rebuilding @ http://localhost:3000/_next/static/chunks/0g7g_next_dist_0sw6wv_._.js:2477
[  233588ms] [LOG] [Fast Refresh] done in 104ms @ http://localhost:3000/_next/static/chunks/0g7g_next_dist_0sw6wv_._.js:2477
[  233930ms] [ERROR] Failed to load resource: the server responded with a status of 400 (Bad Request) @ http://localhost:3000/_next/image?url=%2Fassets%2Fportfolio%2Flemo-ai%2Ffeature.webp&w=1920&q=75:0
[  234043ms] [ERROR] Failed to load resource: the server responded with a status of 400 (Bad Request) @ http://localhost:3000/_next/image?url=%2Fassets%2Fportfolio%2Fmiaoshi-brand%2Ffeature.webp&w=1920&q=75:0
[  234075ms] [ERROR] Failed to load resource: the server responded with a status of 400 (Bad Request) @ http://localhost:3000/_next/image?url=%2Fassets%2Fportfolio%2Finner-species%2Ffeature.webp&w=1920&q=75:0
[  234118ms] [ERROR] Failed to load resource: the server responded with a status of 400 (Bad Request) @ http://localhost:3000/_next/image?url=%2Fassets%2Fportfolio%2Fbandao%2Ffeature.webp&w=1920&q=75:0
[  509958ms] [INFO] Autofocus processing was blocked because a document's URL has a fragment '#gallery'. @ http://localhost:3000/#gallery:0
[  509970ms] [INFO] %cDownload the React DevTools for a better development experience: https://react.dev/link/react-devtools font-weight:bold @ http://localhost:3000/_next/static/chunks/0g7g_next_dist_0sw6wv_._.js:2477
[  509990ms] [LOG] [HMR] connected @ http://localhost:3000/_next/static/chunks/0g7g_next_dist_0sw6wv_._.js:2477
[  510483ms] [WARNING] Image with src "/assets/portfolio/bandao/feature.webp" was detected as the Largest Contentful Paint (LCP). Please add the `loading="eager"` property if this image is above the fold.
Read more: https://nextjs.org/docs/app/api-reference/components/image#loading @ http://localhost:3000/_next/static/chunks/0g7g_next_dist_0sw6wv_._.js:2477
[  554695ms] [LOG] [Fast Refresh] rebuilding @ http://localhost:3000/_next/static/chunks/0g7g_next_dist_0sw6wv_._.js:2477
[  554748ms] [LOG] [Fast Refresh] done in 136ms @ http://localhost:3000/_next/static/chunks/0g7g_next_dist_0sw6wv_._.js:2477
[  575421ms] [INFO] Autofocus processing was blocked because a document's URL has a fragment '#gallery'. @ http://localhost:3000/#gallery:0
[  575430ms] [INFO] %cDownload the React DevTools for a better development experience: https://react.dev/link/react-devtools font-weight:bold @ http://localhost:3000/_next/static/chunks/0g7g_next_dist_0sw6wv_._.js:2477
[  575439ms] [LOG] [HMR] connected @ http://localhost:3000/_next/static/chunks/0g7g_next_dist_0sw6wv_._.js:2477
[  575731ms] [WARNING] Image with src "/assets/portfolio/bandao/feature.webp" was detected as the Largest Contentful Paint (LCP). Please add the `loading="eager"` property if this image is above the fold.
Read more: https://nextjs.org/docs/app/api-reference/components/image#loading @ http://localhost:3000/_next/static/chunks/0g7g_next_dist_0sw6wv_._.js:2477
[  603792ms] [INFO] Autofocus processing was blocked because a document's URL has a fragment '#gallery'. @ http://localhost:3000/#gallery:0
[  603798ms] [INFO] %cDownload the React DevTools for a better development experience: https://react.dev/link/react-devtools font-weight:bold @ http://localhost:3000/_next/static/chunks/0g7g_next_dist_0sw6wv_._.js:2477
[  603812ms] [LOG] [HMR] connected @ http://localhost:3000/_next/static/chunks/0g7g_next_dist_0sw6wv_._.js:2477
[  604107ms] [WARNING] Image with src "/assets/portfolio/bandao/feature.webp" was detected as the Largest Contentful Paint (LCP). Please add the `loading="eager"` property if this image is above the fold.
Read more: https://nextjs.org/docs/app/api-reference/components/image#loading @ http://localhost:3000/_next/static/chunks/0g7g_next_dist_0sw6wv_._.js:2477
[  623024ms] [INFO] Autofocus processing was blocked because a document's URL has a fragment '#gallery'. @ http://localhost:3001/#gallery:0
[ 8864934ms] [ERROR] Failed to load resource: net::ERR_CONNECTION_REFUSED @ http://localhost:3001/work/miaoshi-brand?_rsc=5CB68i4pnAekjehf:0
[ 8865499ms] [ERROR] Failed to load resource: net::ERR_CONNECTION_REFUSED @ http://localhost:3001/work/lemo-ai?_rsc=5CB68i4pnAekjehf:0
[ 8865877ms] [ERROR] Failed to load resource: net::ERR_CONNECTION_REFUSED @ http://localhost:3001/?_rsc=5CB68i4pnAekjehf:0
[ 8865877ms] [ERROR] Failed to load resource: net::ERR_CONNECTION_REFUSED @ http://localhost:3001/work?_rsc=5CB68i4pnAekjehf:0
[ 8867725ms] [ERROR] Failed to load resource: net::ERR_CONNECTION_REFUSED @ http://localhost:3001/work/inner-species?_rsc=5CB68i4pnAekjehf:0
[ 8867844ms] [ERROR] Failed to load resource: net::ERR_CONNECTION_REFUSED @ http://localhost:3001/work/bandao?_rsc=5CB68i4pnAekjehf:0
[ 8868279ms] [ERROR] Failed to load resource: net::ERR_CONNECTION_REFUSED @ http://localhost:3001/assets/portfolio/gallery/inner-species-500-904.webp:0
[ 8868279ms] [ERROR] Failed to load resource: net::ERR_CONNECTION_REFUSED @ http://localhost:3001/assets/portfolio/gallery/miaoshi-brand-500-1781.webp:0
[ 8868279ms] [ERROR] Failed to load resource: net::ERR_CONNECTION_REFUSED @ http://localhost:3001/assets/portfolio/gallery/miaoshi-brand-500-1939.webp:0
[ 8868280ms] [ERROR] Failed to load resource: net::ERR_CONNECTION_REFUSED @ http://localhost:3001/assets/portfolio/gallery/lemo-model-2.webp:0
[ 8868280ms] [ERROR] Failed to load resource: net::ERR_CONNECTION_REFUSED @ http://localhost:3001/assets/portfolio/gallery/inner-species-500-908.webp:0
[ 8868280ms] [ERROR] Failed to load resource: net::ERR_CONNECTION_REFUSED @ http://localhost:3001/assets/portfolio/gallery/miaoshi-brand-500-1936.webp:0
[ 8868280ms] [ERROR] Failed to load resource: net::ERR_CONNECTION_REFUSED @ http://localhost:3001/assets/portfolio/gallery/bandao-500-2172.webp:0
[ 8868280ms] [ERROR] Failed to load resource: net::ERR_CONNECTION_REFUSED @ http://localhost:3001/assets/portfolio/gallery/inner-species-500-905.webp:0
[ 8868280ms] [ERROR] Failed to load resource: net::ERR_CONNECTION_REFUSED @ http://localhost:3001/assets/portfolio/gallery/miaoshi-brand-500-1795.webp:0
[ 8868281ms] [ERROR] Failed to load resource: net::ERR_CONNECTION_REFUSED @ http://localhost:3001/assets/portfolio/gallery/bandao-500-2165.webp:0
[ 8868281ms] [ERROR] Failed to load resource: net::ERR_CONNECTION_REFUSED @ http://localhost:3001/assets/portfolio/gallery/lemo-model-3.webp:0
[ 8868281ms] [ERROR] Failed to load resource: net::ERR_CONNECTION_REFUSED @ http://localhost:3001/assets/portfolio/gallery/inner-species-500-909.webp:0
[ 8868281ms] [ERROR] Failed to load resource: net::ERR_CONNECTION_REFUSED @ http://localhost:3001/assets/portfolio/gallery/miaoshi-brand-500-1937.webp:0
[ 8868281ms] [ERROR] Failed to load resource: net::ERR_CONNECTION_REFUSED @ http://localhost:3001/assets/portfolio/gallery/bandao-500-2173.webp:0
[ 8868282ms] [ERROR] Failed to load resource: net::ERR_CONNECTION_REFUSED @ http://localhost:3001/assets/portfolio/gallery/inner-species-500-906.webp:0
[ 8868282ms] [ERROR] Failed to load resource: net::ERR_CONNECTION_REFUSED @ http://localhost:3001/assets/portfolio/gallery/miaoshi-brand-500-1934.webp:0
[ 8868282ms] [ERROR] Failed to load resource: net::ERR_CONNECTION_REFUSED @ http://localhost:3001/assets/portfolio/gallery/bandao-500-2166.webp:0
[ 8868282ms] [ERROR] Failed to load resource: net::ERR_CONNECTION_REFUSED @ http://localhost:3001/assets/portfolio/gallery/lemo-model-4.webp:0
[ 8868319ms] [ERROR] Failed to load resource: net::ERR_CONNECTION_REFUSED @ http://localhost:3001/assets/portfolio/gallery/miaoshi-brand-500-1780.webp:0
[ 8868319ms] [ERROR] Failed to load resource: net::ERR_CONNECTION_REFUSED @ http://localhost:3001/assets/portfolio/gallery/miaoshi-brand-500-1938.webp:0
[ 8868319ms] [ERROR] Failed to load resource: net::ERR_CONNECTION_REFUSED @ http://localhost:3001/assets/portfolio/gallery/lemo-model-1.webp:0
[ 8868319ms] [ERROR] Failed to load resource: net::ERR_CONNECTION_REFUSED @ http://localhost:3001/assets/portfolio/gallery/inner-species-500-907.webp:0
[ 8868319ms] [ERROR] Failed to load resource: net::ERR_CONNECTION_REFUSED @ http://localhost:3001/assets/portfolio/gallery/miaoshi-brand-500-1935.webp:0
[ 8868319ms] [ERROR] Failed to load resource: net::ERR_CONNECTION_REFUSED @ http://localhost:3001/assets/portfolio/gallery/bandao-500-2167.webp:0
[ 8868720ms] [ERROR] Failed to load resource: net::ERR_CONNECTION_REFUSED @ http://localhost:3001/_next/image?url=%2Fassets%2Fportfolio%2Fprofile%2Fcover.webp&w=828&q=75:0
[ 8876784ms] [ERROR] Failed to load resource: net::ERR_CONNECTION_REFUSED @ http://localhost:3001/work?_rsc=5CB68i4pnAekjehf:0
[ 8878498ms] [ERROR] Failed to load resource: net::ERR_CONNECTION_REFUSED @ http://localhost:3001/assets/portfolio/gallery/inner-species-500-908.webp:0
[ 8878500ms] [ERROR] Failed to load resource: net::ERR_CONNECTION_REFUSED @ http://localhost:3001/work/inner-species?_rsc=5CB68i4pnAekjehf:0
[ 8880667ms] [ERROR] Failed to load resource: net::ERR_CONNECTION_REFUSED @ http://localhost:3001/assets/portfolio/gallery/miaoshi-brand-500-1781.webp:0
[ 8880668ms] [ERROR] Failed to load resource: net::ERR_CONNECTION_REFUSED @ http://localhost:3001/work/miaoshi-brand?_rsc=5CB68i4pnAekjehf:0
[ 8883270ms] [ERROR] Failed to load resource: net::ERR_CONNECTION_REFUSED @ http://localhost:3001/assets/portfolio/gallery/miaoshi-brand-500-1934.webp:0
