[   92723ms] [INFO] %cDownload the React DevTools for a better development experience: https://react.dev/link/react-devtools font-weight:bold @ http://localhost:3000/_next/static/chunks/0g7g_next_dist_0sw6wv_._.js:2477
[   92768ms] [LOG] [HMR] connected @ http://localhost:3000/_next/static/chunks/0g7g_next_dist_0sw6wv_._.js:2477
[  108578ms] [INFO] %cDownload the React DevTools for a better development experience: https://react.dev/link/react-devtools font-weight:bold @ http://localhost:3000/_next/static/chunks/0g7g_next_dist_0sw6wv_._.js:2477
[  108599ms] [LOG] [HMR] connected @ http://localhost:3000/_next/static/chunks/0g7g_next_dist_0sw6wv_._.js:2477
[ 1221487ms] [LOG] [Fast Refresh] rebuilding @ http://localhost:3000/_next/static/chunks/0g7g_next_dist_0sw6wv_._.js:2477
[ 1222929ms] [LOG] [Fast Refresh] done in 1134ms @ http://localhost:3000/_next/static/chunks/0g7g_next_dist_0sw6wv_._.js:2477
[ 1223877ms] [INFO] %cDownload the React DevTools for a better development experience: https://react.dev/link/react-devtools font-weight:bold @ http://localhost:3000/_next/static/chunks/0g7g_next_dist_0sw6wv_._.js:2477
[ 1223929ms] [LOG] [HMR] connected @ http://localhost:3000/_next/static/chunks/0g7g_next_dist_0sw6wv_._.js:2477
[ 1287699ms] [LOG] [Fast Refresh] rebuilding @ http://localhost:3000/_next/static/chunks/0g7g_next_dist_0sw6wv_._.js:2477
[ 1287777ms] [LOG] [Fast Refresh] done in 44ms @ http://localhost:3000/_next/static/chunks/0g7g_next_dist_0sw6wv_._.js:2477
[ 1985099ms] [LOG] [Fast Refresh] rebuilding @ http://localhost:3000/_next/static/chunks/0g7g_next_dist_0sw6wv_._.js:2477
[ 1985367ms] [LOG] [Fast Refresh] done in 368ms @ http://localhost:3000/_next/static/chunks/0g7g_next_dist_0sw6wv_._.js:2477
[ 1986034ms] [INFO] %cDownload the React DevTools for a better development experience: https://react.dev/link/react-devtools font-weight:bold @ http://localhost:3000/_next/static/chunks/0g7g_next_dist_0sw6wv_._.js:2477
[ 1986055ms] [LOG] [HMR] connected @ http://localhost:3000/_next/static/chunks/0g7g_next_dist_0sw6wv_._.js:2477
[ 2114653ms] [LOG] [Fast Refresh] rebuilding @ http://localhost:3000/_next/static/chunks/0g7g_next_dist_0sw6wv_._.js:2477
[ 2114954ms] [LOG] [Fast Refresh] done in 359ms @ http://localhost:3000/_next/static/chunks/0g7g_next_dist_0sw6wv_._.js:2477
[ 2115637ms] [INFO] %cDownload the React DevTools for a better development experience: https://react.dev/link/react-devtools font-weight:bold @ http://localhost:3000/_next/static/chunks/0g7g_next_dist_0sw6wv_._.js:2477
[ 2115691ms] [LOG] [HMR] connected @ http://localhost:3000/_next/static/chunks/0g7g_next_dist_0sw6wv_._.js:2477
[ 2494435ms] [LOG] [Fast Refresh] rebuilding @ http://localhost:3000/_next/static/chunks/0g7g_next_dist_0sw6wv_._.js:2477
[ 2494891ms] [LOG] [Fast Refresh] done in 516ms @ http://localhost:3000/_next/static/chunks/0g7g_next_dist_0sw6wv_._.js:2477
[ 2525532ms] [INFO] %cDownload the React DevTools for a better development experience: https://react.dev/link/react-devtools font-weight:bold @ http://localhost:3000/_next/static/chunks/0g7g_next_dist_0sw6wv_._.js:2477
[ 2525553ms] [LOG] [HMR] connected @ http://localhost:3000/_next/static/chunks/0g7g_next_dist_0sw6wv_._.js:2477
[ 3054653ms] [LOG] [Fast Refresh] rebuilding @ http://localhost:3000/_next/static/chunks/0g7g_next_dist_0sw6wv_._.js:2477
[ 3054690ms] [LOG] [Fast Refresh] done in 104ms @ http://localhost:3000/_next/static/chunks/0g7g_next_dist_0sw6wv_._.js:2477
[ 4051258ms] [LOG] [HMR] connected @ http://localhost:3000/_next/static/chunks/0g7g_next_dist_0sw6wv_._.js:2477
[60097944ms] [LOG] [HMR] connected @ http://localhost:3000/_next/static/chunks/0g7g_next_dist_0sw6wv_._.js:2477
[61012617ms] [LOG] [Fast Refresh] rebuilding @ http://localhost:3000/_next/static/chunks/0g7g_next_dist_0sw6wv_._.js:2477
[61012706ms] [LOG] [Fast Refresh] done in 153ms @ http://localhost:3000/_next/static/chunks/0g7g_next_dist_0sw6wv_._.js:2477
[61224497ms] [LOG] [Fast Refresh] rebuilding @ http://localhost:3000/_next/static/chunks/0g7g_next_dist_0sw6wv_._.js:2477
[61224526ms] [LOG] [Fast Refresh] done in 73ms @ http://localhost:3000/_next/static/chunks/0g7g_next_dist_0sw6wv_._.js:2477
[61225132ms] [LOG] [Fast Refresh] rebuilding @ http://localhost:3000/_next/static/chunks/0g7g_next_dist_0sw6wv_._.js:2477
[61225144ms] [LOG] [Fast Refresh] done in 112ms @ http://localhost:3000/_next/static/chunks/0g7g_next_dist_0sw6wv_._.js:2477
[61845353ms] [LOG] [Fast Refresh] rebuilding @ http://localhost:3000/_next/static/chunks/0g7g_next_dist_0sw6wv_._.js:2477
[61845387ms] [LOG] [Fast Refresh] done in 74ms @ http://localhost:3000/_next/static/chunks/0g7g_next_dist_0sw6wv_._.js:2477
[61845525ms] [LOG] [Fast Refresh] rebuilding @ http://localhost:3000/_next/static/chunks/0g7g_next_dist_0sw6wv_._.js:2477
[61845922ms] [LOG] [Fast Refresh] done in 498ms @ http://localhost:3000/_next/static/chunks/0g7g_next_dist_0sw6wv_._.js:2477
[61845940ms] [ERROR] Failed to load resource: the server responded with a status of 404 (Not Found) @ http://localhost:3000/assets/videos/7.mp4:0
[61865187ms] [LOG] [Fast Refresh] rebuilding @ http://localhost:3000/_next/static/chunks/0g7g_next_dist_0sw6wv_._.js:2477
[61865216ms] [LOG] [Fast Refresh] done in 75ms @ http://localhost:3000/_next/static/chunks/0g7g_next_dist_0sw6wv_._.js:2477
[62922493ms] [LOG] [HMR] connected @ http://localhost:3000/_next/static/chunks/0g7g_next_dist_0sw6wv_._.js:2477
[88064205ms] [LOG] [HMR] connected @ http://localhost:3000/_next/static/chunks/0g7g_next_dist_0sw6wv_._.js:2477
[89518111ms] [LOG] [Fast Refresh] rebuilding @ http://localhost:3000/_next/static/chunks/0g7g_next_dist_0sw6wv_._.js:2477
[89519305ms] [LOG] [Fast Refresh] done in 1240ms @ http://localhost:3000/_next/static/chunks/0g7g_next_dist_0sw6wv_._.js:2477
[89519406ms] [LOG] [Fast Refresh] rebuilding @ http://localhost:3000/_next/static/chunks/0g7g_next_dist_0sw6wv_._.js:2477
[89520564ms] [LOG] [Fast Refresh] done in 1259ms @ http://localhost:3000/_next/static/chunks/0g7g_next_dist_0sw6wv_._.js:2477
[89520976ms] [LOG] [Fast Refresh] rebuilding @ http://localhost:3000/_next/static/chunks/0g7g_next_dist_0sw6wv_._.js:2477
[89521009ms] [LOG] [Fast Refresh] done in 133ms @ http://localhost:3000/_next/static/chunks/0g7g_next_dist_0sw6wv_._.js:2477
[89535138ms] [LOG] [Fast Refresh] rebuilding @ http://localhost:3000/_next/static/chunks/0g7g_next_dist_0sw6wv_._.js:2477
[89535165ms] [LOG] [Fast Refresh] done in 39ms @ http://localhost:3000/_next/static/chunks/0g7g_next_dist_0sw6wv_._.js:2477
[89564869ms] [LOG] [Fast Refresh] rebuilding @ http://localhost:3000/_next/static/chunks/0g7g_next_dist_0sw6wv_._.js:2477
[89564894ms] [LOG] [Fast Refresh] done in 65ms @ http://localhost:3000/_next/static/chunks/0g7g_next_dist_0sw6wv_._.js:2477
[89713264ms] [LOG] [Fast Refresh] rebuilding @ http://localhost:3000/_next/static/chunks/0g7g_next_dist_0sw6wv_._.js:2477
[89713336ms] [LOG] [Fast Refresh] done in 55ms @ http://localhost:3000/_next/static/chunks/0g7g_next_dist_0sw6wv_._.js:2477
[90507854ms] [LOG] [Fast Refresh] rebuilding @ http://localhost:3000/_next/static/chunks/0g7g_next_dist_0sw6wv_._.js:2477
[90507874ms] [LOG] [Fast Refresh] done in 75ms @ http://localhost:3000/_next/static/chunks/0g7g_next_dist_0sw6wv_._.js:2477
[90507984ms] [LOG] [Fast Refresh] rebuilding @ http://localhost:3000/_next/static/chunks/0g7g_next_dist_0sw6wv_._.js:2477
[90507991ms] [LOG] [Fast Refresh] done in 107ms @ http://localhost:3000/_next/static/chunks/0g7g_next_dist_0sw6wv_._.js:2477
[90651836ms] [LOG] [Fast Refresh] rebuilding @ http://localhost:3000/_next/static/chunks/0g7g_next_dist_0sw6wv_._.js:2477
[90651860ms] [LOG] [Fast Refresh] done in 55ms @ http://localhost:3000/_next/static/chunks/0g7g_next_dist_0sw6wv_._.js:2477
[90883034ms] [LOG] [Fast Refresh] rebuilding @ http://localhost:3000/_next/static/chunks/0g7g_next_dist_0sw6wv_._.js:2477
[90883065ms] [LOG] [Fast Refresh] done in 55ms @ http://localhost:3000/_next/static/chunks/0g7g_next_dist_0sw6wv_._.js:2477
[90887770ms] [LOG] [Fast Refresh] rebuilding @ http://localhost:3000/_next/static/chunks/0g7g_next_dist_0sw6wv_._.js:2477
[90887820ms] [LOG] [Fast Refresh] done in 152ms @ http://localhost:3000/_next/static/chunks/0g7g_next_dist_0sw6wv_._.js:2477
[90933611ms] [LOG] [Fast Refresh] rebuilding @ http://localhost:3000/_next/static/chunks/0g7g_next_dist_0sw6wv_._.js:2477
[90933637ms] [LOG] [Fast Refresh] done in 76ms @ http://localhost:3000/_next/static/chunks/0g7g_next_dist_0sw6wv_._.js:2477
[93590662ms] [LOG] [Fast Refresh] rebuilding @ http://localhost:3000/_next/static/chunks/0g7g_next_dist_0sw6wv_._.js:2477
[93590707ms] [LOG] [Fast Refresh] done in 119ms @ http://localhost:3000/_next/static/chunks/0g7g_next_dist_0sw6wv_._.js:2477
[94010828ms] [LOG] [Fast Refresh] rebuilding @ http://localhost:3000/_next/static/chunks/0g7g_next_dist_0sw6wv_._.js:2477
[94010861ms] [LOG] [Fast Refresh] done in 71ms @ http://localhost:3000/_next/static/chunks/0g7g_next_dist_0sw6wv_._.js:2477
[94815224ms] [LOG] [Fast Refresh] rebuilding @ http://localhost:3000/_next/static/chunks/0g7g_next_dist_0sw6wv_._.js:2477
[94815249ms] [LOG] [Fast Refresh] done in 64ms @ http://localhost:3000/_next/static/chunks/0g7g_next_dist_0sw6wv_._.js:2477
[94942312ms] [LOG] [Fast Refresh] rebuilding @ http://localhost:3000/_next/static/chunks/0g7g_next_dist_0sw6wv_._.js:2477
[94942320ms] [ERROR] The final argument passed to %s changed size between renders. The order and size of this array must remain constant.

Previous: %s
Incoming: %s useEffect [] [true] @ http://localhost:3000/_next/static/chunks/0g7g_next_dist_0sw6wv_._.js:3318
[94942340ms] [LOG] [Fast Refresh] done in 50ms @ http://localhost:3000/_next/static/chunks/0g7g_next_dist_0sw6wv_._.js:2477
[94942481ms] [LOG] [Fast Refresh] rebuilding @ http://localhost:3000/_next/static/chunks/0g7g_next_dist_0sw6wv_._.js:2477
[94942496ms] [LOG] [Fast Refresh] done in 117ms @ http://localhost:3000/_next/static/chunks/0g7g_next_dist_0sw6wv_._.js:2477
[94976476ms] [LOG] [Fast Refresh] rebuilding @ http://localhost:3000/_next/static/chunks/0g7g_next_dist_0sw6wv_._.js:2477
[94976533ms] [LOG] [Fast Refresh] done in 127ms @ http://localhost:3000/_next/static/chunks/0g7g_next_dist_0sw6wv_._.js:2477
[95070778ms] [LOG] [Fast Refresh] rebuilding @ http://localhost:3000/_next/static/chunks/0g7g_next_dist_0sw6wv_._.js:2477
[95070815ms] [LOG] [Fast Refresh] done in 54ms @ http://localhost:3000/_next/static/chunks/0g7g_next_dist_0sw6wv_._.js:2477
[95167429ms] [LOG] [Fast Refresh] rebuilding @ http://localhost:3000/_next/static/chunks/0g7g_next_dist_0sw6wv_._.js:2477
[95167458ms] [LOG] [Fast Refresh] done in 77ms @ http://localhost:3000/_next/static/chunks/0g7g_next_dist_0sw6wv_._.js:2477
[95180044ms] [LOG] [Fast Refresh] rebuilding @ http://localhost:3000/_next/static/chunks/0g7g_next_dist_0sw6wv_._.js:2477
[95180092ms] [LOG] [Fast Refresh] done in 148ms @ http://localhost:3000/_next/static/chunks/0g7g_next_dist_0sw6wv_._.js:2477
[95190951ms] [LOG] [Fast Refresh] rebuilding @ http://localhost:3000/_next/static/chunks/0g7g_next_dist_0sw6wv_._.js:2477
[95190983ms] [LOG] [Fast Refresh] done in 61ms @ http://localhost:3000/_next/static/chunks/0g7g_next_dist_0sw6wv_._.js:2477
[95197369ms] [LOG] [Fast Refresh] rebuilding @ http://localhost:3000/_next/static/chunks/0g7g_next_dist_0sw6wv_._.js:2477
[95197400ms] [LOG] [Fast Refresh] done in 103ms @ http://localhost:3000/_next/static/chunks/0g7g_next_dist_0sw6wv_._.js:2477
[95203457ms] [LOG] [Fast Refresh] rebuilding @ http://localhost:3000/_next/static/chunks/0g7g_next_dist_0sw6wv_._.js:2477
[95203496ms] [LOG] [Fast Refresh] done in 62ms @ http://localhost:3000/_next/static/chunks/0g7g_next_dist_0sw6wv_._.js:2477
[95209995ms] [LOG] [Fast Refresh] rebuilding @ http://localhost:3000/_next/static/chunks/0g7g_next_dist_0sw6wv_._.js:2477
[95210025ms] [LOG] [Fast Refresh] done in 49ms @ http://localhost:3000/_next/static/chunks/0g7g_next_dist_0sw6wv_._.js:2477
[95646084ms] [LOG] [Fast Refresh] rebuilding @ http://localhost:3000/_next/static/chunks/0g7g_next_dist_0sw6wv_._.js:2477
[95646342ms] [LOG] [Fast Refresh] done in 359ms @ http://localhost:3000/_next/static/chunks/0g7g_next_dist_0sw6wv_._.js:2477
[95793971ms] [LOG] [Fast Refresh] rebuilding @ http://localhost:3000/_next/static/chunks/0g7g_next_dist_0sw6wv_._.js:2477
[95793999ms] [LOG] [Fast Refresh] done in 96ms @ http://localhost:3000/_next/static/chunks/0g7g_next_dist_0sw6wv_._.js:2477
[95831590ms] [ERROR] WebSocket connection to 'ws://localhost:3000/_next/webpack-hmr?id=9NpZ6R9L6SMVRTG-QLHm4' failed: Error in connection establishment: net::ERR_CONNECTION_REFUSED @ http://localhost:3000/_next/static/chunks/0g7g_next_dist_client_1ehwvx3._.js:13422
[95832595ms] [ERROR] WebSocket connection to 'ws://localhost:3000/_next/webpack-hmr?id=9NpZ6R9L6SMVRTG-QLHm4' failed: Error in connection establishment: net::ERR_CONNECTION_REFUSED @ http://localhost:3000/_next/static/chunks/0g7g_next_dist_client_1ehwvx3._.js:13422
[95833598ms] [ERROR] WebSocket connection to 'ws://localhost:3000/_next/webpack-hmr?id=9NpZ6R9L6SMVRTG-QLHm4' failed: Error in connection establishment: net::ERR_CONNECTION_REFUSED @ http://localhost:3000/_next/static/chunks/0g7g_next_dist_client_1ehwvx3._.js:13422
[95834600ms] [ERROR] WebSocket connection to 'ws://localhost:3000/_next/webpack-hmr?id=9NpZ6R9L6SMVRTG-QLHm4' failed: Error in connection establishment: net::ERR_CONNECTION_REFUSED @ http://localhost:3000/_next/static/chunks/0g7g_next_dist_client_1ehwvx3._.js:13422
[95835605ms] [ERROR] WebSocket connection to 'ws://localhost:3000/_next/webpack-hmr?id=9NpZ6R9L6SMVRTG-QLHm4' failed: Error in connection establishment: net::ERR_CONNECTION_REFUSED @ http://localhost:3000/_next/static/chunks/0g7g_next_dist_client_1ehwvx3._.js:13422
[95840610ms] [ERROR] WebSocket connection to 'ws://localhost:3000/_next/webpack-hmr?id=9NpZ6R9L6SMVRTG-QLHm4' failed: Error in connection establishment: net::ERR_CONNECTION_REFUSED @ http://localhost:3000/_next/static/chunks/0g7g_next_dist_client_1ehwvx3._.js:13422
[95845622ms] [ERROR] WebSocket connection to 'ws://localhost:3000/_next/webpack-hmr?id=9NpZ6R9L6SMVRTG-QLHm4' failed: Error in connection establishment: net::ERR_CONNECTION_REFUSED @ http://localhost:3000/_next/static/chunks/0g7g_next_dist_client_1ehwvx3._.js:13422
[95850633ms] [ERROR] WebSocket connection to 'ws://localhost:3000/_next/webpack-hmr?id=9NpZ6R9L6SMVRTG-QLHm4' failed: Error in connection establishment: net::ERR_CONNECTION_REFUSED @ http://localhost:3000/_next/static/chunks/0g7g_next_dist_client_1ehwvx3._.js:13422
[95855671ms] [ERROR] WebSocket connection to 'ws://localhost:3000/_next/webpack-hmr?id=9NpZ6R9L6SMVRTG-QLHm4' failed: Error in connection establishment: net::ERR_CONNECTION_REFUSED @ http://localhost:3000/_next/static/chunks/0g7g_next_dist_client_1ehwvx3._.js:13422
[95860721ms] [ERROR] WebSocket connection to 'ws://localhost:3000/_next/webpack-hmr?id=9NpZ6R9L6SMVRTG-QLHm4' failed: Error in connection establishment: net::ERR_CONNECTION_REFUSED @ http://localhost:3000/_next/static/chunks/0g7g_next_dist_client_1ehwvx3._.js:13422
[95865875ms] [ERROR] WebSocket connection to 'ws://localhost:3000/_next/webpack-hmr?id=9NpZ6R9L6SMVRTG-QLHm4' failed: Error in connection establishment: net::ERR_CONNECTION_REFUSED @ http://localhost:3000/_next/static/chunks/0g7g_next_dist_client_1ehwvx3._.js:13422
[95870980ms] [ERROR] WebSocket connection to 'ws://localhost:3000/_next/webpack-hmr?id=9NpZ6R9L6SMVRTG-QLHm4' failed: Error in connection establishment: net::ERR_CONNECTION_REFUSED @ http://localhost:3000/_next/static/chunks/0g7g_next_dist_client_1ehwvx3._.js:13422
[96267540ms] [INFO] %cDownload the React DevTools for a better development experience: https://react.dev/link/react-devtools font-weight:bold @ http://localhost:3000/_next/static/chunks/0g7g_next_dist_0sw6wv_._.js:2477
[96267653ms] [LOG] [HMR] connected @ http://localhost:3000/_next/static/chunks/0g7g_next_dist_0sw6wv_._.js:2477
[96492570ms] [LOG] [Fast Refresh] rebuilding @ http://localhost:3000/_next/static/chunks/0g7g_next_dist_0sw6wv_._.js:2477
[96492623ms] [LOG] [Fast Refresh] done in 124ms @ http://localhost:3000/_next/static/chunks/0g7g_next_dist_0sw6wv_._.js:2477
[96902695ms] [LOG] [Fast Refresh] rebuilding @ http://localhost:3000/_next/static/chunks/0g7g_next_dist_0sw6wv_._.js:2477
[96902732ms] [LOG] [Fast Refresh] done in 72ms @ http://localhost:3000/_next/static/chunks/0g7g_next_dist_0sw6wv_._.js:2477
[97061034ms] [LOG] [Fast Refresh] rebuilding @ http://localhost:3000/_next/static/chunks/0g7g_next_dist_0sw6wv_._.js:2477
[97061062ms] [LOG] [Fast Refresh] done in 71ms @ http://localhost:3000/_next/static/chunks/0g7g_next_dist_0sw6wv_._.js:2477
[97114736ms] [LOG] [Fast Refresh] rebuilding @ http://localhost:3000/_next/static/chunks/0g7g_next_dist_0sw6wv_._.js:2477
[97114765ms] [LOG] [Fast Refresh] done in 78ms @ http://localhost:3000/_next/static/chunks/0g7g_next_dist_0sw6wv_._.js:2477
[98066288ms] [LOG] [Fast Refresh] rebuilding @ http://localhost:3000/_next/static/chunks/0g7g_next_dist_0sw6wv_._.js:2477
[98066311ms] [LOG] [Fast Refresh] done in 71ms @ http://localhost:3000/_next/static/chunks/0g7g_next_dist_0sw6wv_._.js:2477
[99002943ms] [LOG] [Fast Refresh] rebuilding @ http://localhost:3000/_next/static/chunks/0g7g_next_dist_0sw6wv_._.js:2477
[99003869ms] [LOG] [Fast Refresh] done in 580ms @ http://localhost:3000/_next/static/chunks/0g7g_next_dist_0sw6wv_._.js:2477
[99004558ms] [LOG] [Fast Refresh] rebuilding @ http://localhost:3000/_next/static/chunks/0g7g_next_dist_0sw6wv_._.js:2477
[99004583ms] [LOG] [Fast Refresh] done in 124ms @ http://localhost:3000/_next/static/chunks/0g7g_next_dist_0sw6wv_._.js:2477
[99005620ms] [LOG] [Fast Refresh] rebuilding @ http://localhost:3000/_next/static/chunks/0g7g_next_dist_0sw6wv_._.js:2477
[99005621ms] [LOG] [Fast Refresh] done in 102ms @ http://localhost:3000/_next/static/chunks/0g7g_next_dist_0sw6wv_._.js:2477
[99066469ms] [LOG] [Fast Refresh] rebuilding @ http://localhost:3000/_next/static/chunks/0g7g_next_dist_0sw6wv_._.js:2477
[99066507ms] [LOG] [Fast Refresh] done in 91ms @ http://localhost:3000/_next/static/chunks/0g7g_next_dist_0sw6wv_._.js:2477
[99072825ms] [LOG] [Fast Refresh] rebuilding @ http://localhost:3000/_next/static/chunks/0g7g_next_dist_0sw6wv_._.js:2477
[99072851ms] [LOG] [Fast Refresh] done in 127ms @ http://localhost:3000/_next/static/chunks/0g7g_next_dist_0sw6wv_._.js:2477
[99112190ms] [LOG] [Fast Refresh] rebuilding @ http://localhost:3000/_next/static/chunks/0g7g_next_dist_0sw6wv_._.js:2477
[99112216ms] [LOG] [Fast Refresh] done in 60ms @ http://localhost:3000/_next/static/chunks/0g7g_next_dist_0sw6wv_._.js:2477
[99281781ms] [LOG] [Fast Refresh] rebuilding @ http://localhost:3000/_next/static/chunks/0g7g_next_dist_0sw6wv_._.js:2477
[99282017ms] [LOG] [Fast Refresh] done in 186ms @ http://localhost:3000/_next/static/chunks/0g7g_next_dist_0sw6wv_._.js:2477
[99282408ms] [LOG] [Fast Refresh] rebuilding @ http://localhost:3000/_next/static/chunks/0g7g_next_dist_0sw6wv_._.js:2477
[99282408ms] [LOG] [Fast Refresh] done in 278ms @ http://localhost:3000/_next/static/chunks/0g7g_next_dist_0sw6wv_._.js:2477
[99282510ms] [LOG] [Fast Refresh] rebuilding @ http://localhost:3000/_next/static/chunks/0g7g_next_dist_0sw6wv_._.js:2477
[99282519ms] [LOG] [Fast Refresh] done in 110ms @ http://localhost:3000/_next/static/chunks/0g7g_next_dist_0sw6wv_._.js:2477
[99282655ms] [LOG] [Fast Refresh] rebuilding @ http://localhost:3000/_next/static/chunks/0g7g_next_dist_0sw6wv_._.js:2477
[99282696ms] [LOG] [Fast Refresh] done in 141ms @ http://localhost:3000/_next/static/chunks/0g7g_next_dist_0sw6wv_._.js:2477
[99367746ms] [LOG] [Fast Refresh] rebuilding @ http://localhost:3000/_next/static/chunks/0g7g_next_dist_0sw6wv_._.js:2477
[99367774ms] [LOG] [Fast Refresh] done in 67ms @ http://localhost:3000/_next/static/chunks/0g7g_next_dist_0sw6wv_._.js:2477
[100046960ms] [LOG] [Fast Refresh] rebuilding @ http://localhost:3000/_next/static/chunks/0g7g_next_dist_0sw6wv_._.js:2477
[100046988ms] [LOG] [Fast Refresh] done in 88ms @ http://localhost:3000/_next/static/chunks/0g7g_next_dist_0sw6wv_._.js:2477
[122473512ms] [LOG] [HMR] connected @ http://localhost:3000/_next/static/chunks/0g7g_next_dist_0sw6wv_._.js:2477
[131906893ms] [LOG] [Fast Refresh] rebuilding @ http://localhost:3000/_next/static/chunks/0g7g_next_dist_0sw6wv_._.js:2477
[131906977ms] [LOG] [Fast Refresh] done in 142ms @ http://localhost:3000/_next/static/chunks/0g7g_next_dist_0sw6wv_._.js:2477
[132230983ms] [LOG] [Fast Refresh] rebuilding @ http://localhost:3000/_next/static/chunks/0g7g_next_dist_0sw6wv_._.js:2477
[132231004ms] [LOG] [Fast Refresh] done in 68ms @ http://localhost:3000/_next/static/chunks/0g7g_next_dist_0sw6wv_._.js:2477
[133436879ms] [LOG] [HMR] connected @ http://localhost:3000/_next/static/chunks/0g7g_next_dist_0sw6wv_._.js:2477
