[     267ms] [INFO] %cDownload the React DevTools for a better development experience: https://react.dev/link/react-devtools font-weight:bold @ http://localhost:3000/_next/static/chunks/0g7g_next_dist_0sw6wv_._.js:2477
[     311ms] [LOG] [HMR] connected @ http://localhost:3000/_next/static/chunks/0g7g_next_dist_0sw6wv_._.js:2477
[   21033ms] [INFO] %cDownload the React DevTools for a better development experience: https://react.dev/link/react-devtools font-weight:bold @ http://localhost:3000/_next/static/chunks/0g7g_next_dist_0sw6wv_._.js:2477
[   21045ms] [LOG] [HMR] connected @ http://localhost:3000/_next/static/chunks/0g7g_next_dist_0sw6wv_._.js:2477
[   69266ms] [INFO] %cDownload the React DevTools for a better development experience: https://react.dev/link/react-devtools font-weight:bold @ http://localhost:3000/_next/static/chunks/0g7g_next_dist_0sw6wv_._.js:2477
[   69275ms] [LOG] [HMR] connected @ http://localhost:3000/_next/static/chunks/0g7g_next_dist_0sw6wv_._.js:2477
[   81246ms] [LOG] [HMR] connected @ http://localhost:3000/_next/static/chunks/0g7g_next_dist_0sw6wv_._.js:2477
[   81905ms] [INFO] %cDownload the React DevTools for a better development experience: https://react.dev/link/react-devtools font-weight:bold @ http://localhost:3000/_next/static/chunks/0g7g_next_dist_0sw6wv_._.js:2477
[   81930ms] [LOG] [HMR] connected @ http://localhost:3000/_next/static/chunks/0g7g_next_dist_0sw6wv_._.js:2477
[  106088ms] [LOG] [Fast Refresh] rebuilding @ http://localhost:3000/_next/static/chunks/0g7g_next_dist_0sw6wv_._.js:2477
[  106116ms] [LOG] [Fast Refresh] done in 64ms @ http://localhost:3000/_next/static/chunks/0g7g_next_dist_0sw6wv_._.js:2477
[  135682ms] [LOG] [Fast Refresh] rebuilding @ http://localhost:3000/_next/static/chunks/0g7g_next_dist_0sw6wv_._.js:2477
[  135700ms] [LOG] [Fast Refresh] done in 120ms @ http://localhost:3000/_next/static/chunks/0g7g_next_dist_0sw6wv_._.js:2477
[  175625ms] [INFO] %cDownload the React DevTools for a better development experience: https://react.dev/link/react-devtools font-weight:bold @ http://localhost:3000/_next/static/chunks/0g7g_next_dist_0sw6wv_._.js:2477
[  175635ms] [LOG] [HMR] connected @ http://localhost:3000/_next/static/chunks/0g7g_next_dist_0sw6wv_._.js:2477
[  619048ms] [LOG] [Fast Refresh] rebuilding @ http://localhost:3000/_next/static/chunks/0g7g_next_dist_0sw6wv_._.js:2477
[  619079ms] [LOG] [Fast Refresh] done in 96ms @ http://localhost:3000/_next/static/chunks/0g7g_next_dist_0sw6wv_._.js:2477
[  835686ms] [LOG] [Fast Refresh] rebuilding @ http://localhost:3000/_next/static/chunks/0g7g_next_dist_0sw6wv_._.js:2477
[  835780ms] [LOG] [Fast Refresh] done in 156ms @ http://localhost:3000/_next/static/chunks/0g7g_next_dist_0sw6wv_._.js:2477
[ 1650769ms] [LOG] [Fast Refresh] rebuilding @ http://localhost:3000/_next/static/chunks/0g7g_next_dist_0sw6wv_._.js:2477
[ 1651009ms] [LOG] [Fast Refresh] done in 214ms @ http://localhost:3000/_next/static/chunks/0g7g_next_dist_0sw6wv_._.js:2477
[ 1651152ms] [LOG] [Fast Refresh] rebuilding @ http://localhost:3000/_next/static/chunks/0g7g_next_dist_0sw6wv_._.js:2477
[ 1651289ms] [LOG] [Fast Refresh] done in 238ms @ http://localhost:3000/_next/static/chunks/0g7g_next_dist_0sw6wv_._.js:2477
[ 1973657ms] [LOG] [Fast Refresh] rebuilding @ http://localhost:3000/_next/static/chunks/0g7g_next_dist_0sw6wv_._.js:2477
[ 1973863ms] [LOG] [Fast Refresh] done in 67ms @ http://localhost:3000/_next/static/chunks/0g7g_next_dist_0sw6wv_._.js:2477
[ 1977618ms] [LOG] [Fast Refresh] rebuilding @ http://localhost:3000/_next/static/chunks/0g7g_next_dist_0sw6wv_._.js:2477
[ 1977642ms] [LOG] [Fast Refresh] done in 124ms @ http://localhost:3000/_next/static/chunks/0g7g_next_dist_0sw6wv_._.js:2477
[ 2104007ms] [LOG] [Fast Refresh] rebuilding @ http://localhost:3000/_next/static/chunks/0g7g_next_dist_0sw6wv_._.js:2477
[ 2104038ms] [LOG] [Fast Refresh] done in 87ms @ http://localhost:3000/_next/static/chunks/0g7g_next_dist_0sw6wv_._.js:2477
[ 2115438ms] [LOG] [Fast Refresh] rebuilding @ http://localhost:3000/_next/static/chunks/0g7g_next_dist_0sw6wv_._.js:2477
[ 2115503ms] [LOG] [Fast Refresh] done in 121ms @ http://localhost:3000/_next/static/chunks/0g7g_next_dist_0sw6wv_._.js:2477
[ 2703555ms] [LOG] [Fast Refresh] rebuilding @ http://localhost:3000/_next/static/chunks/0g7g_next_dist_0sw6wv_._.js:2477
[ 2703663ms] [LOG] [Fast Refresh] done in 168ms @ http://localhost:3000/_next/static/chunks/0g7g_next_dist_0sw6wv_._.js:2477
[ 3447371ms] [LOG] [Fast Refresh] rebuilding @ http://localhost:3000/_next/static/chunks/0g7g_next_dist_0sw6wv_._.js:2477
[ 3447441ms] [LOG] [Fast Refresh] done in 125ms @ http://localhost:3000/_next/static/chunks/0g7g_next_dist_0sw6wv_._.js:2477
[ 3447573ms] [ERROR] Failed to load resource: the server responded with a status of 404 (Not Found) @ http://localhost:3000/assets/effects/video-edge-flow.svg:0
[ 4118569ms] [LOG] [Fast Refresh] rebuilding @ http://localhost:3000/_next/static/chunks/0g7g_next_dist_0sw6wv_._.js:2477
[ 4118593ms] [LOG] [Fast Refresh] done in 93ms @ http://localhost:3000/_next/static/chunks/0g7g_next_dist_0sw6wv_._.js:2477
[ 4278546ms] [LOG] [Fast Refresh] rebuilding @ http://localhost:3000/_next/static/chunks/0g7g_next_dist_0sw6wv_._.js:2477
[ 4278574ms] [LOG] [Fast Refresh] done in 62ms @ http://localhost:3000/_next/static/chunks/0g7g_next_dist_0sw6wv_._.js:2477
[ 4822654ms] [LOG] [Fast Refresh] rebuilding @ http://localhost:3000/_next/static/chunks/0g7g_next_dist_0sw6wv_._.js:2477
[ 4823080ms] [LOG] [Fast Refresh] done in 126ms @ http://localhost:3000/_next/static/chunks/0g7g_next_dist_0sw6wv_._.js:2477
[ 4842272ms] [LOG] [Fast Refresh] rebuilding @ http://localhost:3000/_next/static/chunks/0g7g_next_dist_0sw6wv_._.js:2477
[ 4842302ms] [LOG] [Fast Refresh] done in 54ms @ http://localhost:3000/_next/static/chunks/0g7g_next_dist_0sw6wv_._.js:2477
[ 5029131ms] [LOG] [Fast Refresh] rebuilding @ http://localhost:3000/_next/static/chunks/0g7g_next_dist_0sw6wv_._.js:2477
[ 5029157ms] [LOG] [Fast Refresh] done in 52ms @ http://localhost:3000/_next/static/chunks/0g7g_next_dist_0sw6wv_._.js:2477
[ 5112045ms] [LOG] [Fast Refresh] rebuilding @ http://localhost:3000/_next/static/chunks/0g7g_next_dist_0sw6wv_._.js:2477
[ 5112072ms] [LOG] [Fast Refresh] done in 61ms @ http://localhost:3000/_next/static/chunks/0g7g_next_dist_0sw6wv_._.js:2477
[ 5123071ms] [LOG] [Fast Refresh] rebuilding @ http://localhost:3000/_next/static/chunks/0g7g_next_dist_0sw6wv_._.js:2477
[ 5123095ms] [LOG] [Fast Refresh] done in 126ms @ http://localhost:3000/_next/static/chunks/0g7g_next_dist_0sw6wv_._.js:2477
[ 5131813ms] [LOG] [Fast Refresh] rebuilding @ http://localhost:3000/_next/static/chunks/0g7g_next_dist_0sw6wv_._.js:2477
[ 5131843ms] [LOG] [Fast Refresh] done in 52ms @ http://localhost:3000/_next/static/chunks/0g7g_next_dist_0sw6wv_._.js:2477
[ 5170868ms] [LOG] [Fast Refresh] rebuilding @ http://localhost:3000/_next/static/chunks/0g7g_next_dist_0sw6wv_._.js:2477
[ 5170891ms] [LOG] [Fast Refresh] done in 124ms @ http://localhost:3000/_next/static/chunks/0g7g_next_dist_0sw6wv_._.js:2477
[ 5213094ms] [LOG] [Fast Refresh] rebuilding @ http://localhost:3000/_next/static/chunks/0g7g_next_dist_0sw6wv_._.js:2477
[ 5213123ms] [LOG] [Fast Refresh] done in 56ms @ http://localhost:3000/_next/static/chunks/0g7g_next_dist_0sw6wv_._.js:2477
[ 5343885ms] [LOG] [Fast Refresh] rebuilding @ http://localhost:3000/_next/static/chunks/0g7g_next_dist_0sw6wv_._.js:2477
[ 5343955ms] [LOG] [Fast Refresh] done in 144ms @ http://localhost:3000/_next/static/chunks/0g7g_next_dist_0sw6wv_._.js:2477
[ 5442600ms] [LOG] [Fast Refresh] rebuilding @ http://localhost:3000/_next/static/chunks/0g7g_next_dist_0sw6wv_._.js:2477
[ 5442627ms] [LOG] [Fast Refresh] done in 50ms @ http://localhost:3000/_next/static/chunks/0g7g_next_dist_0sw6wv_._.js:2477
[ 5448203ms] [LOG] [Fast Refresh] rebuilding @ http://localhost:3000/_next/static/chunks/0g7g_next_dist_0sw6wv_._.js:2477
[ 5448213ms] [LOG] [Fast Refresh] done in 111ms @ http://localhost:3000/_next/static/chunks/0g7g_next_dist_0sw6wv_._.js:2477
[ 5480587ms] [LOG] [Fast Refresh] rebuilding @ http://localhost:3000/_next/static/chunks/0g7g_next_dist_0sw6wv_._.js:2477
[ 5480616ms] [LOG] [Fast Refresh] done in 57ms @ http://localhost:3000/_next/static/chunks/0g7g_next_dist_0sw6wv_._.js:2477
[ 5502367ms] [LOG] [Fast Refresh] rebuilding @ http://localhost:3000/_next/static/chunks/0g7g_next_dist_0sw6wv_._.js:2477
[ 5502394ms] [LOG] [Fast Refresh] done in 56ms @ http://localhost:3000/_next/static/chunks/0g7g_next_dist_0sw6wv_._.js:2477
[ 5627716ms] [LOG] [Fast Refresh] rebuilding @ http://localhost:3000/_next/static/chunks/0g7g_next_dist_0sw6wv_._.js:2477
[ 5627774ms] [LOG] [Fast Refresh] done in 75ms @ http://localhost:3000/_next/static/chunks/0g7g_next_dist_0sw6wv_._.js:2477
[ 5627898ms] [ERROR] Failed to load resource: the server responded with a status of 404 (Not Found) @ http://localhost:3000/assets/effects/video-edge-flow.svg:0
[ 5632255ms] [LOG] [Fast Refresh] rebuilding @ http://localhost:3000/_next/static/chunks/0g7g_next_dist_0sw6wv_._.js:2477
[ 5632343ms] [LOG] [Fast Refresh] done in 187ms @ http://localhost:3000/_next/static/chunks/0g7g_next_dist_0sw6wv_._.js:2477
[ 5659033ms] [LOG] [Fast Refresh] rebuilding @ http://localhost:3000/_next/static/chunks/0g7g_next_dist_0sw6wv_._.js:2477
[ 5659065ms] [LOG] [Fast Refresh] done in 133ms @ http://localhost:3000/_next/static/chunks/0g7g_next_dist_0sw6wv_._.js:2477
[ 5710938ms] [LOG] [Fast Refresh] rebuilding @ http://localhost:3000/_next/static/chunks/0g7g_next_dist_0sw6wv_._.js:2477
[ 5710966ms] [LOG] [Fast Refresh] done in 57ms @ http://localhost:3000/_next/static/chunks/0g7g_next_dist_0sw6wv_._.js:2477
[ 5740243ms] [LOG] [Fast Refresh] rebuilding @ http://localhost:3000/_next/static/chunks/0g7g_next_dist_0sw6wv_._.js:2477
[ 5740250ms] [LOG] [Fast Refresh] done in 109ms @ http://localhost:3000/_next/static/chunks/0g7g_next_dist_0sw6wv_._.js:2477
[ 5740714ms] [LOG] [Fast Refresh] rebuilding @ http://localhost:3000/_next/static/chunks/0g7g_next_dist_0sw6wv_._.js:2477
[ 5740789ms] [LOG] [Fast Refresh] done in 137ms @ http://localhost:3000/_next/static/chunks/0g7g_next_dist_0sw6wv_._.js:2477
[ 5978794ms] [LOG] [Fast Refresh] rebuilding @ http://localhost:3000/_next/static/chunks/0g7g_next_dist_0sw6wv_._.js:2477
[ 5978820ms] [LOG] [Fast Refresh] done in 56ms @ http://localhost:3000/_next/static/chunks/0g7g_next_dist_0sw6wv_._.js:2477
[ 5982091ms] [LOG] [Fast Refresh] rebuilding @ http://localhost:3000/_next/static/chunks/0g7g_next_dist_0sw6wv_._.js:2477
[ 5982112ms] [LOG] [Fast Refresh] done in 123ms @ http://localhost:3000/_next/static/chunks/0g7g_next_dist_0sw6wv_._.js:2477
[ 6040216ms] [LOG] [Fast Refresh] rebuilding @ http://localhost:3000/_next/static/chunks/0g7g_next_dist_0sw6wv_._.js:2477
[ 6040258ms] [LOG] [Fast Refresh] done in 76ms @ http://localhost:3000/_next/static/chunks/0g7g_next_dist_0sw6wv_._.js:2477
[ 7422929ms] [ERROR] WebSocket connection to 'ws://localhost:3000/_next/webpack-hmr?id=XTnqA_iXKHIOHRybhZHut' failed: Error in connection establishment: net::ERR_CONNECTION_REFUSED @ http://localhost:3000/_next/static/chunks/0g7g_next_dist_client_1ehwvx3._.js:13422
[ 7423935ms] [ERROR] WebSocket connection to 'ws://localhost:3000/_next/webpack-hmr?id=XTnqA_iXKHIOHRybhZHut' failed: Error in connection establishment: net::ERR_CONNECTION_REFUSED @ http://localhost:3000/_next/static/chunks/0g7g_next_dist_client_1ehwvx3._.js:13422
[ 7424940ms] [ERROR] WebSocket connection to 'ws://localhost:3000/_next/webpack-hmr?id=XTnqA_iXKHIOHRybhZHut' failed: Error in connection establishment: net::ERR_CONNECTION_REFUSED @ http://localhost:3000/_next/static/chunks/0g7g_next_dist_client_1ehwvx3._.js:13422
[ 7425945ms] [ERROR] WebSocket connection to 'ws://localhost:3000/_next/webpack-hmr?id=XTnqA_iXKHIOHRybhZHut' failed: Error in connection establishment: net::ERR_CONNECTION_REFUSED @ http://localhost:3000/_next/static/chunks/0g7g_next_dist_client_1ehwvx3._.js:13422
[ 7426952ms] [ERROR] WebSocket connection to 'ws://localhost:3000/_next/webpack-hmr?id=XTnqA_iXKHIOHRybhZHut' failed: Error in connection establishment: net::ERR_CONNECTION_REFUSED @ http://localhost:3000/_next/static/chunks/0g7g_next_dist_client_1ehwvx3._.js:13422
[ 7431959ms] [ERROR] WebSocket connection to 'ws://localhost:3000/_next/webpack-hmr?id=XTnqA_iXKHIOHRybhZHut' failed: Error in connection establishment: net::ERR_CONNECTION_REFUSED @ http://localhost:3000/_next/static/chunks/0g7g_next_dist_client_1ehwvx3._.js:13422
[ 7436968ms] [ERROR] WebSocket connection to 'ws://localhost:3000/_next/webpack-hmr?id=XTnqA_iXKHIOHRybhZHut' failed: Error in connection establishment: net::ERR_CONNECTION_REFUSED @ http://localhost:3000/_next/static/chunks/0g7g_next_dist_client_1ehwvx3._.js:13422
[ 7441988ms] [ERROR] WebSocket connection to 'ws://localhost:3000/_next/webpack-hmr?id=XTnqA_iXKHIOHRybhZHut' failed: Error in connection establishment: net::ERR_CONNECTION_REFUSED @ http://localhost:3000/_next/static/chunks/0g7g_next_dist_client_1ehwvx3._.js:13422
[ 7447005ms] [ERROR] WebSocket connection to 'ws://localhost:3000/_next/webpack-hmr?id=XTnqA_iXKHIOHRybhZHut' failed: Error in connection establishment: net::ERR_CONNECTION_REFUSED @ http://localhost:3000/_next/static/chunks/0g7g_next_dist_client_1ehwvx3._.js:13422
[ 7452031ms] [ERROR] WebSocket connection to 'ws://localhost:3000/_next/webpack-hmr?id=XTnqA_iXKHIOHRybhZHut' failed: Error in connection establishment: net::ERR_CONNECTION_REFUSED @ http://localhost:3000/_next/static/chunks/0g7g_next_dist_client_1ehwvx3._.js:13422
[ 7457110ms] [ERROR] WebSocket connection to 'ws://localhost:3000/_next/webpack-hmr?id=XTnqA_iXKHIOHRybhZHut' failed: Error in connection establishment: net::ERR_CONNECTION_REFUSED @ http://localhost:3000/_next/static/chunks/0g7g_next_dist_client_1ehwvx3._.js:13422
[ 7462371ms] [ERROR] WebSocket connection to 'ws://localhost:3000/_next/webpack-hmr?id=XTnqA_iXKHIOHRybhZHut' failed: Error in connection establishment: net::ERR_CONNECTION_REFUSED @ http://localhost:3000/_next/static/chunks/0g7g_next_dist_client_1ehwvx3._.js:13422
[ 7859130ms] [INFO] %cDownload the React DevTools for a better development experience: https://react.dev/link/react-devtools font-weight:bold @ http://localhost:3000/_next/static/chunks/0g7g_next_dist_0sw6wv_._.js:2477
[ 7859179ms] [LOG] [HMR] connected @ http://localhost:3000/_next/static/chunks/0g7g_next_dist_0sw6wv_._.js:2477
[ 7970219ms] [LOG] [Fast Refresh] rebuilding @ http://localhost:3000/_next/static/chunks/0g7g_next_dist_0sw6wv_._.js:2477
[ 7970277ms] [LOG] [Fast Refresh] done in 158ms @ http://localhost:3000/_next/static/chunks/0g7g_next_dist_0sw6wv_._.js:2477
[ 7970766ms] [LOG] [Fast Refresh] rebuilding @ http://localhost:3000/_next/static/chunks/0g7g_next_dist_0sw6wv_._.js:2477
[ 7971383ms] [LOG] [Fast Refresh] done in 334ms @ http://localhost:3000/_next/static/chunks/0g7g_next_dist_0sw6wv_._.js:2477
[ 7972057ms] [ERROR] Failed to load resource: the server responded with a status of 404 (Not Found) @ http://localhost:3000/assets/images/hero-stone-atlas.png:0
[ 8203554ms] [LOG] [Fast Refresh] rebuilding @ http://localhost:3000/_next/static/chunks/0g7g_next_dist_0sw6wv_._.js:2477
[ 8203576ms] [LOG] [Fast Refresh] done in 67ms @ http://localhost:3000/_next/static/chunks/0g7g_next_dist_0sw6wv_._.js:2477
[ 8248162ms] [LOG] [Fast Refresh] rebuilding @ http://localhost:3000/_next/static/chunks/0g7g_next_dist_0sw6wv_._.js:2477
[ 8248187ms] [LOG] [Fast Refresh] done in 69ms @ http://localhost:3000/_next/static/chunks/0g7g_next_dist_0sw6wv_._.js:2477
[47341639ms] [LOG] [HMR] connected @ http://localhost:3000/_next/static/chunks/0g7g_next_dist_0sw6wv_._.js:2477
[49037339ms] [LOG] [HMR] connected @ http://localhost:3000/_next/static/chunks/0g7g_next_dist_0sw6wv_._.js:2477
[49400775ms] [LOG] [Fast Refresh] rebuilding @ http://localhost:3000/_next/static/chunks/0g7g_next_dist_0sw6wv_._.js:2477
[49400776ms] [LOG] [Fast Refresh] done in 101ms @ http://localhost:3000/_next/static/chunks/0g7g_next_dist_0sw6wv_._.js:2477
[49670300ms] [LOG] [Fast Refresh] rebuilding @ http://localhost:3000/_next/static/chunks/0g7g_next_dist_0sw6wv_._.js:2477
[49670381ms] [LOG] [Fast Refresh] done in 182ms @ http://localhost:3000/_next/static/chunks/0g7g_next_dist_0sw6wv_._.js:2477
