[     160ms] [INFO] %cDownload the React DevTools for a better development experience: https://react.dev/link/react-devtools font-weight:bold @ http://localhost:3000/_next/static/chunks/0g7g_next_dist_0sw6wv_._.js:2477
[     184ms] [LOG] [HMR] connected @ http://localhost:3000/_next/static/chunks/0g7g_next_dist_0sw6wv_._.js:2477
[     231ms] [WARNING] Image with src "/assets/portfolio/lemo-ai/thumbnail.webp" was detected as the Largest Contentful Paint (LCP). Please add the `loading="eager"` property if this image is above the fold.
Read more: https://nextjs.org/docs/app/api-reference/components/image#loading @ http://localhost:3000/_next/static/chunks/0g7g_next_dist_0sw6wv_._.js:2477
[   27679ms] [LOG] [Fast Refresh] rebuilding @ http://localhost:3000/_next/static/chunks/0g7g_next_dist_0sw6wv_._.js:2477
[   27707ms] [LOG] [Fast Refresh] done in 75ms @ http://localhost:3000/_next/static/chunks/0g7g_next_dist_0sw6wv_._.js:2477
[  144876ms] [LOG] [Fast Refresh] rebuilding @ http://localhost:3000/_next/static/chunks/0g7g_next_dist_0sw6wv_._.js:2477
[  144990ms] [LOG] [Fast Refresh] done in 216ms @ http://localhost:3000/_next/static/chunks/0g7g_next_dist_0sw6wv_._.js:2477
[  181735ms] [LOG] [Fast Refresh] rebuilding @ http://localhost:3000/_next/static/chunks/0g7g_next_dist_0sw6wv_._.js:2477
[  181866ms] [LOG] [Fast Refresh] done in 232ms @ http://localhost:3000/_next/static/chunks/0g7g_next_dist_0sw6wv_._.js:2477
[  184792ms] [LOG] [Fast Refresh] rebuilding @ http://localhost:3000/_next/static/chunks/0g7g_next_dist_0sw6wv_._.js:2477
[  184804ms] [LOG] [Fast Refresh] done in 112ms @ http://localhost:3000/_next/static/chunks/0g7g_next_dist_0sw6wv_._.js:2477
[  282845ms] [LOG] [Fast Refresh] rebuilding @ http://localhost:3000/_next/static/chunks/0g7g_next_dist_0sw6wv_._.js:2477
[  282906ms] [LOG] [Fast Refresh] done in 161ms @ http://localhost:3000/_next/static/chunks/0g7g_next_dist_0sw6wv_._.js:2477
[  456524ms] [LOG] [Fast Refresh] rebuilding @ http://localhost:3000/_next/static/chunks/0g7g_next_dist_0sw6wv_._.js:2477
[  456678ms] [ERROR] ./src/components/curve-gallery.tsx:76:443
Expression expected
  74 | ...
  75 | ...
> 76 | ...+images.length)%images.length);}}>
     |                                     ^
  77 | ...wRight size={18}/></button><button onClick={close} aria-label="关闭...
  78 | ...
  79 | ...

Parsing ecmascript source code failed

Import traces:
  Client Component Browser:
    ./src/components/curve-gallery.tsx [Client Component Browser]
    ./src/components/home-page.tsx [Client Component Browser]
    ./src/components/home-page.tsx [Server Component]
    ./src/app/page.tsx [Server Component]

  Client Component SSR:
    ./src/components/curve-gallery.tsx [Client Component SSR]
    ./src/components/home-page.tsx [Client Component SSR]
    ./src/components/home-page.tsx [Server Component]
    ./src/app/page.tsx [Server Component] @ http://localhost:3000/_next/static/chunks/0g7g_next_dist_0sw6wv_._.js:3318
[  456678ms] [ERROR] ./src/components/curve-gallery.tsx:78:5
Unterminated regexp literal
  76 |    <dialog className="gallery-lightbox" ref={dialog} aria-labelledby="...
  77 |      <div className="gallery-lightbox-inner" data-lenis-prevent><div c...
> 78 |    </dialog>
     |     ^^^^^^^^
  79 |  </section>;
  80 | }
  81 |

Parsing ecmascript source code failed

Import traces:
  Client Component Browser:
    ./src/components/curve-gallery.tsx [Client Component Browser]
    ./src/components/home-page.tsx [Client Component Browser]
    ./src/components/home-page.tsx [Server Component]
    ./src/app/page.tsx [Server Component]

  Client Component SSR:
    ./src/components/curve-gallery.tsx [Client Component SSR]
    ./src/components/home-page.tsx [Client Component SSR]
    ./src/components/home-page.tsx [Server Component]
    ./src/app/page.tsx [Server Component] @ http://localhost:3000/_next/static/chunks/0g7g_next_dist_0sw6wv_._.js:3318
[  456839ms] [LOG] [Fast Refresh] rebuilding @ http://localhost:3000/_next/static/chunks/0g7g_next_dist_0sw6wv_._.js:2477
[  457331ms] [ERROR] ./src/components/curve-gallery.tsx:76:443
Expression expected
  74 | ...
  75 | ...
> 76 | ...+images.length)%images.length);}}>
     |                                     ^
  77 | ...wRight size={18}/></button><button onClick={close} aria-label="关闭...
  78 | ...
  79 | ...

Parsing ecmascript source code failed

Import traces:
  Client Component Browser:
    ./src/components/curve-gallery.tsx [Client Component Browser]
    ./src/components/home-page.tsx [Client Component Browser]
    ./src/components/home-page.tsx [Server Component]
    ./src/app/page.tsx [Server Component]

  Client Component SSR:
    ./src/components/curve-gallery.tsx [Client Component SSR]
    ./src/components/home-page.tsx [Client Component SSR]
    ./src/components/home-page.tsx [Server Component]
    ./src/app/page.tsx [Server Component] @ http://localhost:3000/_next/static/chunks/0g7g_next_dist_0sw6wv_._.js:3318
[  457331ms] [ERROR] ./src/components/curve-gallery.tsx:78:5
Unterminated regexp literal
  76 |    <dialog className="gallery-lightbox" ref={dialog} aria-labelledby="...
  77 |      <div className="gallery-lightbox-inner" data-lenis-prevent><div c...
> 78 |    </dialog>
     |     ^^^^^^^^
  79 |  </section>;
  80 | }
  81 |

Parsing ecmascript source code failed

Import traces:
  Client Component Browser:
    ./src/components/curve-gallery.tsx [Client Component Browser]
    ./src/components/home-page.tsx [Client Component Browser]
    ./src/components/home-page.tsx [Server Component]
    ./src/app/page.tsx [Server Component]

  Client Component SSR:
    ./src/components/curve-gallery.tsx [Client Component SSR]
    ./src/components/home-page.tsx [Client Component SSR]
    ./src/components/home-page.tsx [Server Component]
    ./src/app/page.tsx [Server Component] @ http://localhost:3000/_next/static/chunks/0g7g_next_dist_0sw6wv_._.js:3318
[  457405ms] [ERROR] Failed to load resource: the server responded with a status of 500 (Internal Server Error) @ http://localhost:3000/work?_rsc=QIxy0orv7HuOirVz:0
[  457883ms] [ERROR] Failed to load resource: the server responded with a status of 500 (Internal Server Error) @ http://localhost:3000/work?_rsc=QIxy0orv7HuOirVz:0
[  457911ms] [LOG] [Fast Refresh] rebuilding @ http://localhost:3000/_next/static/chunks/0g7g_next_dist_0sw6wv_._.js:2477
[  457914ms] [ERROR] ./src/components/curve-gallery.tsx:76:443
Expression expected
  74 | ...
  75 | ...
> 76 | ...+images.length)%images.length);}}>
     |                                     ^
  77 | ...wRight size={18}/></button><button onClick={close} aria-label="关闭...
  78 | ...
  79 | ...

Parsing ecmascript source code failed

Import traces:
  Client Component Browser:
    ./src/components/curve-gallery.tsx [Client Component Browser]
    ./src/components/home-page.tsx [Client Component Browser]
    ./src/components/home-page.tsx [Server Component]
    ./src/app/page.tsx [Server Component]

  Client Component SSR:
    ./src/components/curve-gallery.tsx [Client Component SSR]
    ./src/components/home-page.tsx [Client Component SSR]
    ./src/components/home-page.tsx [Server Component]
    ./src/app/page.tsx [Server Component] @ http://localhost:3000/_next/static/chunks/0g7g_next_dist_0sw6wv_._.js:3318
[  457914ms] [ERROR] ./src/components/curve-gallery.tsx:78:5
Unterminated regexp literal
  76 |    <dialog className="gallery-lightbox" ref={dialog} aria-labelledby="...
  77 |      <div className="gallery-lightbox-inner" data-lenis-prevent><div c...
> 78 |    </dialog>
     |     ^^^^^^^^
  79 |  </section>;
  80 | }
  81 |

Parsing ecmascript source code failed

Import traces:
  Client Component Browser:
    ./src/components/curve-gallery.tsx [Client Component Browser]
    ./src/components/home-page.tsx [Client Component Browser]
    ./src/components/home-page.tsx [Server Component]
    ./src/app/page.tsx [Server Component]

  Client Component SSR:
    ./src/components/curve-gallery.tsx [Client Component SSR]
    ./src/components/home-page.tsx [Client Component SSR]
    ./src/components/home-page.tsx [Server Component]
    ./src/app/page.tsx [Server Component] @ http://localhost:3000/_next/static/chunks/0g7g_next_dist_0sw6wv_._.js:3318
[  457958ms] [ERROR] ./src/components/curve-gallery.tsx:76:443
Expression expected
  74 | ...
  75 | ...
> 76 | ...+images.length)%images.length);}}>
     |                                     ^
  77 | ...wRight size={18}/></button><button onClick={close} aria-label="关闭...
  78 | ...
  79 | ...

Parsing ecmascript source code failed

Import traces:
  Client Component Browser:
    ./src/components/curve-gallery.tsx [Client Component Browser]
    ./src/components/home-page.tsx [Client Component Browser]
    ./src/components/home-page.tsx [Server Component]
    ./src/app/page.tsx [Server Component]

  Client Component SSR:
    ./src/components/curve-gallery.tsx [Client Component SSR]
    ./src/components/home-page.tsx [Client Component SSR]
    ./src/components/home-page.tsx [Server Component]
    ./src/app/page.tsx [Server Component] @ http://localhost:3000/_next/static/chunks/0g7g_next_dist_0sw6wv_._.js:3318
[  457959ms] [ERROR] ./src/components/curve-gallery.tsx:78:5
Unterminated regexp literal
  76 |    <dialog className="gallery-lightbox" ref={dialog} aria-labelledby="...
  77 |      <div className="gallery-lightbox-inner" data-lenis-prevent><div c...
> 78 |    </dialog>
     |     ^^^^^^^^
  79 |  </section>;
  80 | }
  81 |

Parsing ecmascript source code failed

Import traces:
  Client Component Browser:
    ./src/components/curve-gallery.tsx [Client Component Browser]
    ./src/components/home-page.tsx [Client Component Browser]
    ./src/components/home-page.tsx [Server Component]
    ./src/app/page.tsx [Server Component]

  Client Component SSR:
    ./src/components/curve-gallery.tsx [Client Component SSR]
    ./src/components/home-page.tsx [Client Component SSR]
    ./src/components/home-page.tsx [Server Component]
    ./src/app/page.tsx [Server Component] @ http://localhost:3000/_next/static/chunks/0g7g_next_dist_0sw6wv_._.js:3318
[  457970ms] [ERROR] Failed to load resource: the server responded with a status of 500 (Internal Server Error) @ http://localhost:3000/work:0
[  458432ms] [INFO] %cDownload the React DevTools for a better development experience: https://react.dev/link/react-devtools font-weight:bold @ http://localhost:3000/_next/static/chunks/02ca_react-dom_0ntjfa7._.js:15305
[  458495ms] Error: ./src/components/curve-gallery.tsx:76:443
Expression expected
  74 | ...
  75 | ...
> 76 | ...+images.length)%images.length);}}>
     |                                     ^
  77 | ...wRight size={18}/></button><button onClick={close} aria-label="关闭...
  78 | ...
  79 | ...

Parsing ecmascript source code failed

Import traces:
  Client Component Browser:
    ./src/components/curve-gallery.tsx [Client Component Browser]
    ./src/components/home-page.tsx [Client Component Browser]
    ./src/components/home-page.tsx [Server Component]
    ./src/app/page.tsx [Server Component]

  Client Component SSR:
    ./src/components/curve-gallery.tsx [Client Component SSR]
    ./src/components/home-page.tsx [Client Component SSR]
    ./src/components/home-page.tsx [Server Component]
    ./src/app/page.tsx [Server Component]


    at <unknown> (Error: ./src/components/curve-gallery.tsx:76:443)
    at Object.getCompilationErrors (file:///Users/bytedance/Desktop/seeseezz/zz/jimmyzz/node_modules/.pnpm/next@16.2.10_@babel+core@7.29.7_react-dom@19.2.7_react@19.2.7__react@19.2.7/node_modules/next/dist/server/dev/hot-reloader-turbopack.js:1186:59)
    at DevBundlerService.getCompilationError (file:///Users/bytedance/Desktop/seeseezz/zz/jimmyzz/node_modules/.pnpm/next@16.2.10_@babel+core@7.29.7_react-dom@19.2.7_react@19.2.7__react@19.2.7/node_modules/next/dist/server/lib/dev-bundler-service.js:44:55)
    at DevServer.getCompilationError (file:///Users/bytedance/Desktop/seeseezz/zz/jimmyzz/node_modules/.pnpm/next@16.2.10_@babel+core@7.29.7_react-dom@19.2.7_react@19.2.7__react@19.2.7/node_modules/next/dist/server/dev/next-dev-server.js:720:42)
    at DevServer.findPageComponents (file:///Users/bytedance/Desktop/seeseezz/zz/jimmyzz/node_modules/.pnpm/next@16.2.10_@babel+core@7.29.7_react-dom@19.2.7_react@19.2.7__react@19.2.7/node_modules/next/dist/server/dev/next-dev-server.js:690:43)
    at async DevServer.renderErrorToResponseImpl (file:///Users/bytedance/Desktop/seeseezz/zz/jimmyzz/node_modules/.pnpm/next@16.2.10_@babel+core@7.29.7_react-dom@19.2.7_react@19.2.7__react@19.2.7/node_modules/next/dist/server/base-server.js:1753:26)
[  458491ms] [LOG] [HMR] connected @ http://localhost:3000/_next/static/chunks/0g7g_next_dist_00mhofs._.js:1226
[  458494ms] [ERROR] ./src/components/curve-gallery.tsx:76:443
Expression expected
  74 | ...
  75 | ...
> 76 | ...+images.length)%images.length);}}>
     |                                     ^
  77 | ...wRight size={18}/></button><button onClick={close} aria-label="关闭...
  78 | ...
  79 | ...

Parsing ecmascript source code failed

Import traces:
  Client Component Browser:
    ./src/components/curve-gallery.tsx [Client Component Browser]
    ./src/components/home-page.tsx [Client Component Browser]
    ./src/components/home-page.tsx [Server Component]
    ./src/app/page.tsx [Server Component]

  Client Component SSR:
    ./src/components/curve-gallery.tsx [Client Component SSR]
    ./src/components/home-page.tsx [Client Component SSR]
    ./src/components/home-page.tsx [Server Component]
    ./src/app/page.tsx [Server Component] @ http://localhost:3000/_next/static/chunks/0g7g_next_dist_00mhofs._.js:1945
[  458494ms] [ERROR] ./src/components/curve-gallery.tsx:78:5
Unterminated regexp literal
  76 |    <dialog className="gallery-lightbox" ref={dialog} aria-labelledby="...
  77 |      <div className="gallery-lightbox-inner" data-lenis-prevent><div c...
> 78 |    </dialog>
     |     ^^^^^^^^
  79 |  </section>;
  80 | }
  81 |

Parsing ecmascript source code failed

Import traces:
  Client Component Browser:
    ./src/components/curve-gallery.tsx [Client Component Browser]
    ./src/components/home-page.tsx [Client Component Browser]
    ./src/components/home-page.tsx [Server Component]
    ./src/app/page.tsx [Server Component]

  Client Component SSR:
    ./src/components/curve-gallery.tsx [Client Component SSR]
    ./src/components/home-page.tsx [Client Component SSR]
    ./src/components/home-page.tsx [Server Component]
    ./src/app/page.tsx [Server Component] @ http://localhost:3000/_next/static/chunks/0g7g_next_dist_00mhofs._.js:1945
[  458505ms] [ERROR] ./src/components/curve-gallery.tsx:76:443
Expression expected
  74 | ...
  75 | ...
> 76 | ...+images.length)%images.length);}}>
     |                                     ^
  77 | ...wRight size={18}/></button><button onClick={close} aria-label="关闭...
  78 | ...
  79 | ...

Parsing ecmascript source code failed

Import traces:
  Client Component Browser:
    ./src/components/curve-gallery.tsx [Client Component Browser]
    ./src/components/home-page.tsx [Client Component Browser]
    ./src/components/home-page.tsx [Server Component]
    ./src/app/page.tsx [Server Component]

  Client Component SSR:
    ./src/components/curve-gallery.tsx [Client Component SSR]
    ./src/components/home-page.tsx [Client Component SSR]
    ./src/components/home-page.tsx [Server Component]
    ./src/app/page.tsx [Server Component] @ http://localhost:3000/_next/static/chunks/0g7g_next_dist_00mhofs._.js:1945
[  458505ms] [ERROR] ./src/components/curve-gallery.tsx:78:5
Unterminated regexp literal
  76 |    <dialog className="gallery-lightbox" ref={dialog} aria-labelledby="...
  77 |      <div className="gallery-lightbox-inner" data-lenis-prevent><div c...
> 78 |    </dialog>
     |     ^^^^^^^^
  79 |  </section>;
  80 | }
  81 |

Parsing ecmascript source code failed

Import traces:
  Client Component Browser:
    ./src/components/curve-gallery.tsx [Client Component Browser]
    ./src/components/home-page.tsx [Client Component Browser]
    ./src/components/home-page.tsx [Server Component]
    ./src/app/page.tsx [Server Component]

  Client Component SSR:
    ./src/components/curve-gallery.tsx [Client Component SSR]
    ./src/components/home-page.tsx [Client Component SSR]
    ./src/components/home-page.tsx [Server Component]
    ./src/app/page.tsx [Server Component] @ http://localhost:3000/_next/static/chunks/0g7g_next_dist_00mhofs._.js:1945
[  458538ms] [ERROR] Failed to load resource: the server responded with a status of 404 (Not Found) @ http://localhost:3000/favicon.ico:0
[  458548ms] [ERROR] ./src/components/curve-gallery.tsx:76:443
Expression expected
  74 | ...
  75 | ...
> 76 | ...+images.length)%images.length);}}>
     |                                     ^
  77 | ...wRight size={18}/></button><button onClick={close} aria-label="关闭...
  78 | ...
  79 | ...

Parsing ecmascript source code failed

Import traces:
  Client Component Browser:
    ./src/components/curve-gallery.tsx [Client Component Browser]
    ./src/components/home-page.tsx [Client Component Browser]
    ./src/components/home-page.tsx [Server Component]
    ./src/app/page.tsx [Server Component]

  Client Component SSR:
    ./src/components/curve-gallery.tsx [Client Component SSR]
    ./src/components/home-page.tsx [Client Component SSR]
    ./src/components/home-page.tsx [Server Component]
    ./src/app/page.tsx [Server Component] @ http://localhost:3000/_next/static/chunks/0g7g_next_dist_00mhofs._.js:1945
[  458548ms] [ERROR] ./src/components/curve-gallery.tsx:78:5
Unterminated regexp literal
  76 |    <dialog className="gallery-lightbox" ref={dialog} aria-labelledby="...
  77 |      <div className="gallery-lightbox-inner" data-lenis-prevent><div c...
> 78 |    </dialog>
     |     ^^^^^^^^
  79 |  </section>;
  80 | }
  81 |

Parsing ecmascript source code failed

Import traces:
  Client Component Browser:
    ./src/components/curve-gallery.tsx [Client Component Browser]
    ./src/components/home-page.tsx [Client Component Browser]
    ./src/components/home-page.tsx [Server Component]
    ./src/app/page.tsx [Server Component]

  Client Component SSR:
    ./src/components/curve-gallery.tsx [Client Component SSR]
    ./src/components/home-page.tsx [Client Component SSR]
    ./src/components/home-page.tsx [Server Component]
    ./src/app/page.tsx [Server Component] @ http://localhost:3000/_next/static/chunks/0g7g_next_dist_00mhofs._.js:1945
[  458607ms] [LOG] [Fast Refresh] rebuilding @ http://localhost:3000/_next/static/chunks/0g7g_next_dist_00mhofs._.js:1226
[  458864ms] [ERROR] ./src/components/curve-gallery.tsx:76:443
Expression expected
  74 | ...
  75 | ...
> 76 | ...+images.length)%images.length);}}>
     |                                     ^
  77 | ...wRight size={18}/></button><button onClick={close} aria-label="关闭...
  78 | ...
  79 | ...

Parsing ecmascript source code failed

Import traces:
  Client Component Browser:
    ./src/components/curve-gallery.tsx [Client Component Browser]
    ./src/components/home-page.tsx [Client Component Browser]
    ./src/components/home-page.tsx [Server Component]
    ./src/app/page.tsx [Server Component]

  Client Component SSR:
    ./src/components/curve-gallery.tsx [Client Component SSR]
    ./src/components/home-page.tsx [Client Component SSR]
    ./src/components/home-page.tsx [Server Component]
    ./src/app/page.tsx [Server Component] @ http://localhost:3000/_next/static/chunks/0g7g_next_dist_00mhofs._.js:1945
[  458864ms] [ERROR] ./src/components/curve-gallery.tsx:78:5
Unterminated regexp literal
  76 |    <dialog className="gallery-lightbox" ref={dialog} aria-labelledby="...
  77 |      <div className="gallery-lightbox-inner" data-lenis-prevent><div c...
> 78 |    </dialog>
     |     ^^^^^^^^
  79 |  </section>;
  80 | }
  81 |

Parsing ecmascript source code failed

Import traces:
  Client Component Browser:
    ./src/components/curve-gallery.tsx [Client Component Browser]
    ./src/components/home-page.tsx [Client Component Browser]
    ./src/components/home-page.tsx [Server Component]
    ./src/app/page.tsx [Server Component]

  Client Component SSR:
    ./src/components/curve-gallery.tsx [Client Component SSR]
    ./src/components/home-page.tsx [Client Component SSR]
    ./src/components/home-page.tsx [Server Component]
    ./src/app/page.tsx [Server Component] @ http://localhost:3000/_next/static/chunks/0g7g_next_dist_00mhofs._.js:1945
[  458915ms] [LOG] [Fast Refresh] rebuilding @ http://localhost:3000/_next/static/chunks/0g7g_next_dist_00mhofs._.js:1226
[  460319ms] [ERROR] ./src/components/curve-gallery.tsx:76:443
Expression expected
  74 | ...
  75 | ...
> 76 | ...+images.length)%images.length);}}>
     |                                     ^
  77 | ...wRight size={18}/></button><button onClick={close} aria-label="关闭...
  78 | ...
  79 | ...

Parsing ecmascript source code failed

Import traces:
  Client Component Browser:
    ./src/components/curve-gallery.tsx [Client Component Browser]
    ./src/components/home-page.tsx [Client Component Browser]
    ./src/components/home-page.tsx [Server Component]
    ./src/app/page.tsx [Server Component]

  Client Component SSR:
    ./src/components/curve-gallery.tsx [Client Component SSR]
    ./src/components/home-page.tsx [Client Component SSR]
    ./src/components/home-page.tsx [Server Component]
    ./src/app/page.tsx [Server Component] @ http://localhost:3000/_next/static/chunks/0g7g_next_dist_00mhofs._.js:1945
[  460320ms] [ERROR] ./src/components/curve-gallery.tsx:78:5
Unterminated regexp literal
  76 |    <dialog className="gallery-lightbox" ref={dialog} aria-labelledby="...
  77 |      <div className="gallery-lightbox-inner" data-lenis-prevent><div c...
> 78 |    </dialog>
     |     ^^^^^^^^
  79 |  </section>;
  80 | }
  81 |

Parsing ecmascript source code failed

Import traces:
  Client Component Browser:
    ./src/components/curve-gallery.tsx [Client Component Browser]
    ./src/components/home-page.tsx [Client Component Browser]
    ./src/components/home-page.tsx [Server Component]
    ./src/app/page.tsx [Server Component]

  Client Component SSR:
    ./src/components/curve-gallery.tsx [Client Component SSR]
    ./src/components/home-page.tsx [Client Component SSR]
    ./src/components/home-page.tsx [Server Component]
    ./src/app/page.tsx [Server Component] @ http://localhost:3000/_next/static/chunks/0g7g_next_dist_00mhofs._.js:1945
[  460364ms] [LOG] [Fast Refresh] rebuilding @ http://localhost:3000/_next/static/chunks/0g7g_next_dist_00mhofs._.js:1226
[  461451ms] [ERROR] ./src/components/curve-gallery.tsx:76:443
Expression expected
  74 | ...
  75 | ...
> 76 | ...+images.length)%images.length);}}>
     |                                     ^
  77 | ...wRight size={18}/></button><button onClick={close} aria-label="关闭...
  78 | ...
  79 | ...

Parsing ecmascript source code failed

Import traces:
  Client Component Browser:
    ./src/components/curve-gallery.tsx [Client Component Browser]
    ./src/components/home-page.tsx [Client Component Browser]
    ./src/components/home-page.tsx [Server Component]
    ./src/app/page.tsx [Server Component]

  Client Component SSR:
    ./src/components/curve-gallery.tsx [Client Component SSR]
    ./src/components/home-page.tsx [Client Component SSR]
    ./src/components/home-page.tsx [Server Component]
    ./src/app/page.tsx [Server Component] @ http://localhost:3000/_next/static/chunks/0g7g_next_dist_00mhofs._.js:1945
[  461451ms] [ERROR] ./src/components/curve-gallery.tsx:78:5
Unterminated regexp literal
  76 |    <dialog className="gallery-lightbox" ref={dialog} aria-labelledby="...
  77 |      <div className="gallery-lightbox-inner" data-lenis-prevent><div c...
> 78 |    </dialog>
     |     ^^^^^^^^
  79 |  </section>;
  80 | }
  81 |

Parsing ecmascript source code failed

Import traces:
  Client Component Browser:
    ./src/components/curve-gallery.tsx [Client Component Browser]
    ./src/components/home-page.tsx [Client Component Browser]
    ./src/components/home-page.tsx [Server Component]
    ./src/app/page.tsx [Server Component]

  Client Component SSR:
    ./src/components/curve-gallery.tsx [Client Component SSR]
    ./src/components/home-page.tsx [Client Component SSR]
    ./src/components/home-page.tsx [Server Component]
    ./src/app/page.tsx [Server Component] @ http://localhost:3000/_next/static/chunks/0g7g_next_dist_00mhofs._.js:1945
[  461510ms] [LOG] [Fast Refresh] rebuilding @ http://localhost:3000/_next/static/chunks/0g7g_next_dist_00mhofs._.js:1226
[  461780ms] [ERROR] ./src/components/curve-gallery.tsx:76:443
Expression expected
  74 | ...
  75 | ...
> 76 | ...+images.length)%images.length);}}>
     |                                     ^
  77 | ...wRight size={18}/></button><button onClick={close} aria-label="关闭...
  78 | ...
  79 | ...

Parsing ecmascript source code failed

Import traces:
  Client Component Browser:
    ./src/components/curve-gallery.tsx [Client Component Browser]
    ./src/components/home-page.tsx [Client Component Browser]
    ./src/components/home-page.tsx [Server Component]
    ./src/app/page.tsx [Server Component]

  Client Component SSR:
    ./src/components/curve-gallery.tsx [Client Component SSR]
    ./src/components/home-page.tsx [Client Component SSR]
    ./src/components/home-page.tsx [Server Component]
    ./src/app/page.tsx [Server Component] @ http://localhost:3000/_next/static/chunks/0g7g_next_dist_00mhofs._.js:1945
[  461781ms] [ERROR] ./src/components/curve-gallery.tsx:78:5
Unterminated regexp literal
  76 |    <dialog className="gallery-lightbox" ref={dialog} aria-labelledby="...
  77 |      <div className="gallery-lightbox-inner" data-lenis-prevent><div c...
> 78 |    </dialog>
     |     ^^^^^^^^
  79 |  </section>;
  80 | }
  81 |

Parsing ecmascript source code failed

Import traces:
  Client Component Browser:
    ./src/components/curve-gallery.tsx [Client Component Browser]
    ./src/components/home-page.tsx [Client Component Browser]
    ./src/components/home-page.tsx [Server Component]
    ./src/app/page.tsx [Server Component]

  Client Component SSR:
    ./src/components/curve-gallery.tsx [Client Component SSR]
    ./src/components/home-page.tsx [Client Component SSR]
    ./src/components/home-page.tsx [Server Component]
    ./src/app/page.tsx [Server Component] @ http://localhost:3000/_next/static/chunks/0g7g_next_dist_00mhofs._.js:1945
[  461832ms] [LOG] [Fast Refresh] rebuilding @ http://localhost:3000/_next/static/chunks/0g7g_next_dist_00mhofs._.js:1226
[  543619ms] [LOG] [Fast Refresh] rebuilding @ http://localhost:3000/_next/static/chunks/0g7g_next_dist_00mhofs._.js:1226
[  543652ms] [ERROR] ./src/components/curve-gallery.tsx:76:443
Expression expected
  74 | ...
  75 | ...
> 76 | ...+images.length)%images.length);}}>
     |                                     ^
  77 | ...wRight size={18}/></button><button onClick={close} aria-label="关闭...
  78 | ...
  79 | ...

Parsing ecmascript source code failed

Import traces:
  Client Component Browser:
    ./src/components/curve-gallery.tsx [Client Component Browser]
    ./src/components/home-page.tsx [Client Component Browser]
    ./src/components/home-page.tsx [Server Component]
    ./src/app/page.tsx [Server Component]

  Client Component SSR:
    ./src/components/curve-gallery.tsx [Client Component SSR]
    ./src/components/home-page.tsx [Client Component SSR]
    ./src/components/home-page.tsx [Server Component]
    ./src/app/page.tsx [Server Component] @ http://localhost:3000/_next/static/chunks/0g7g_next_dist_00mhofs._.js:1945
[  543652ms] [ERROR] ./src/components/curve-gallery.tsx:78:5
Unterminated regexp literal
  76 |    <dialog className="gallery-lightbox" ref={dialog} aria-labelledby="...
  77 |      <div className="gallery-lightbox-inner" data-lenis-prevent><div c...
> 78 |    </dialog>
     |     ^^^^^^^^
  79 |  </section>;
  80 | }
  81 |

Parsing ecmascript source code failed

Import traces:
  Client Component Browser:
    ./src/components/curve-gallery.tsx [Client Component Browser]
    ./src/components/home-page.tsx [Client Component Browser]
    ./src/components/home-page.tsx [Server Component]
    ./src/app/page.tsx [Server Component]

  Client Component SSR:
    ./src/components/curve-gallery.tsx [Client Component SSR]
    ./src/components/home-page.tsx [Client Component SSR]
    ./src/components/home-page.tsx [Server Component]
    ./src/app/page.tsx [Server Component] @ http://localhost:3000/_next/static/chunks/0g7g_next_dist_00mhofs._.js:1945
[  546049ms] [LOG] [Fast Refresh] rebuilding @ http://localhost:3000/_next/static/chunks/0g7g_next_dist_00mhofs._.js:1226
[  546121ms] [ERROR] ./src/components/curve-gallery.tsx:76:443
Expression expected
  74 | ...
  75 | ...
> 76 | ...+images.length)%images.length);}}>
     |                                     ^
  77 | ...wRight size={18}/></button><button onClick={close} aria-label="关闭...
  78 | ...
  79 | ...

Parsing ecmascript source code failed

Import traces:
  Client Component Browser:
    ./src/components/curve-gallery.tsx [Client Component Browser]
    ./src/components/home-page.tsx [Client Component Browser]
    ./src/components/home-page.tsx [Server Component]
    ./src/app/page.tsx [Server Component]

  Client Component SSR:
    ./src/components/curve-gallery.tsx [Client Component SSR]
    ./src/components/home-page.tsx [Client Component SSR]
    ./src/components/home-page.tsx [Server Component]
    ./src/app/page.tsx [Server Component] @ http://localhost:3000/_next/static/chunks/0g7g_next_dist_00mhofs._.js:1945
[  546122ms] [ERROR] ./src/components/curve-gallery.tsx:78:5
Unterminated regexp literal
  76 |    <dialog className="gallery-lightbox" ref={dialog} aria-labelledby="...
  77 |      <div className="gallery-lightbox-inner" data-lenis-prevent><div c...
> 78 |    </dialog>
     |     ^^^^^^^^
  79 |  </section>;
  80 | }
  81 |

Parsing ecmascript source code failed

Import traces:
  Client Component Browser:
    ./src/components/curve-gallery.tsx [Client Component Browser]
    ./src/components/home-page.tsx [Client Component Browser]
    ./src/components/home-page.tsx [Server Component]
    ./src/app/page.tsx [Server Component]

  Client Component SSR:
    ./src/components/curve-gallery.tsx [Client Component SSR]
    ./src/components/home-page.tsx [Client Component SSR]
    ./src/components/home-page.tsx [Server Component]
    ./src/app/page.tsx [Server Component] @ http://localhost:3000/_next/static/chunks/0g7g_next_dist_00mhofs._.js:1945
[  546322ms] [ERROR] ./src/components/curve-gallery.tsx:76:443
Expression expected
  74 | ...
  75 | ...
> 76 | ...+images.length)%images.length);}}>
     |                                     ^
  77 | ...wRight size={18}/></button><button onClick={close} aria-label="关闭...
  78 | ...
  79 | ...

Parsing ecmascript source code failed

Import traces:
  Client Component Browser:
    ./src/components/curve-gallery.tsx [Client Component Browser]
    ./src/components/home-page.tsx [Client Component Browser]
    ./src/components/home-page.tsx [Server Component]
    ./src/app/page.tsx [Server Component]

  Client Component SSR:
    ./src/components/curve-gallery.tsx [Client Component SSR]
    ./src/components/home-page.tsx [Client Component SSR]
    ./src/components/home-page.tsx [Server Component]
    ./src/app/page.tsx [Server Component] @ http://localhost:3000/_next/static/chunks/0g7g_next_dist_00mhofs._.js:1945
[  546322ms] [ERROR] ./src/components/curve-gallery.tsx:78:5
Unterminated regexp literal
  76 |    <dialog className="gallery-lightbox" ref={dialog} aria-labelledby="...
  77 |      <div className="gallery-lightbox-inner" data-lenis-prevent><div c...
> 78 |    </dialog>
     |     ^^^^^^^^
  79 |  </section>;
  80 | }
  81 |

Parsing ecmascript source code failed

Import traces:
  Client Component Browser:
    ./src/components/curve-gallery.tsx [Client Component Browser]
    ./src/components/home-page.tsx [Client Component Browser]
    ./src/components/home-page.tsx [Server Component]
    ./src/app/page.tsx [Server Component]

  Client Component SSR:
    ./src/components/curve-gallery.tsx [Client Component SSR]
    ./src/components/home-page.tsx [Client Component SSR]
    ./src/components/home-page.tsx [Server Component]
    ./src/app/page.tsx [Server Component] @ http://localhost:3000/_next/static/chunks/0g7g_next_dist_00mhofs._.js:1945
[  546324ms] [LOG] [Fast Refresh] rebuilding @ http://localhost:3000/_next/static/chunks/0g7g_next_dist_00mhofs._.js:1226
[  546426ms] [LOG] [Fast Refresh] rebuilding @ http://localhost:3000/_next/static/chunks/0g7g_next_dist_00mhofs._.js:1226
[  546435ms] [ERROR] ./src/components/curve-gallery.tsx:76:443
Expression expected
  74 | ...
  75 | ...
> 76 | ...+images.length)%images.length);}}>
     |                                     ^
  77 | ...wRight size={18}/></button><button onClick={close} aria-label="关闭...
  78 | ...
  79 | ...

Parsing ecmascript source code failed

Import traces:
  Client Component Browser:
    ./src/components/curve-gallery.tsx [Client Component Browser]
    ./src/components/home-page.tsx [Client Component Browser]
    ./src/components/home-page.tsx [Server Component]
    ./src/app/page.tsx [Server Component]

  Client Component SSR:
    ./src/components/curve-gallery.tsx [Client Component SSR]
    ./src/components/home-page.tsx [Client Component SSR]
    ./src/components/home-page.tsx [Server Component]
    ./src/app/page.tsx [Server Component] @ http://localhost:3000/_next/static/chunks/0g7g_next_dist_00mhofs._.js:1945
[  546435ms] [ERROR] ./src/components/curve-gallery.tsx:78:5
Unterminated regexp literal
  76 |    <dialog className="gallery-lightbox" ref={dialog} aria-labelledby="...
  77 |      <div className="gallery-lightbox-inner" data-lenis-prevent><div c...
> 78 |    </dialog>
     |     ^^^^^^^^
  79 |  </section>;
  80 | }
  81 |

Parsing ecmascript source code failed

Import traces:
  Client Component Browser:
    ./src/components/curve-gallery.tsx [Client Component Browser]
    ./src/components/home-page.tsx [Client Component Browser]
    ./src/components/home-page.tsx [Server Component]
    ./src/app/page.tsx [Server Component]

  Client Component SSR:
    ./src/components/curve-gallery.tsx [Client Component SSR]
    ./src/components/home-page.tsx [Client Component SSR]
    ./src/components/home-page.tsx [Server Component]
    ./src/app/page.tsx [Server Component] @ http://localhost:3000/_next/static/chunks/0g7g_next_dist_00mhofs._.js:1945
[  546508ms] [ERROR] Failed to load resource: the server responded with a status of 500 (Internal Server Error) @ http://localhost:3000/work:0
[  546612ms] [INFO] %cDownload the React DevTools for a better development experience: https://react.dev/link/react-devtools font-weight:bold @ http://localhost:3000/_next/static/chunks/02ca_react-dom_0ntjfa7._.js:15305
[  546655ms] Error: ./src/components/curve-gallery.tsx:76:443
Expression expected
  74 | ...
  75 | ...
> 76 | ...+images.length)%images.length);}}>
     |                                     ^
  77 | ...wRight size={18}/></button><button onClick={close} aria-label="关闭...
  78 | ...
  79 | ...

Parsing ecmascript source code failed

Import traces:
  Client Component Browser:
    ./src/components/curve-gallery.tsx [Client Component Browser]
    ./src/components/home-page.tsx [Client Component Browser]
    ./src/components/home-page.tsx [Server Component]
    ./src/app/page.tsx [Server Component]

  Client Component SSR:
    ./src/components/curve-gallery.tsx [Client Component SSR]
    ./src/components/home-page.tsx [Client Component SSR]
    ./src/components/home-page.tsx [Server Component]
    ./src/app/page.tsx [Server Component]


    at <unknown> (Error: ./src/components/curve-gallery.tsx:76:443)
    at Object.getCompilationErrors (file:///Users/bytedance/Desktop/seeseezz/zz/jimmyzz/node_modules/.pnpm/next@16.2.10_@babel+core@7.29.7_react-dom@19.2.7_react@19.2.7__react@19.2.7/node_modules/next/dist/server/dev/hot-reloader-turbopack.js:1186:59)
    at DevBundlerService.getCompilationError (file:///Users/bytedance/Desktop/seeseezz/zz/jimmyzz/node_modules/.pnpm/next@16.2.10_@babel+core@7.29.7_react-dom@19.2.7_react@19.2.7__react@19.2.7/node_modules/next/dist/server/lib/dev-bundler-service.js:44:55)
    at DevServer.getCompilationError (file:///Users/bytedance/Desktop/seeseezz/zz/jimmyzz/node_modules/.pnpm/next@16.2.10_@babel+core@7.29.7_react-dom@19.2.7_react@19.2.7__react@19.2.7/node_modules/next/dist/server/dev/next-dev-server.js:720:42)
    at DevServer.findPageComponents (file:///Users/bytedance/Desktop/seeseezz/zz/jimmyzz/node_modules/.pnpm/next@16.2.10_@babel+core@7.29.7_react-dom@19.2.7_react@19.2.7__react@19.2.7/node_modules/next/dist/server/dev/next-dev-server.js:690:43)
    at async DevServer.renderErrorToResponseImpl (file:///Users/bytedance/Desktop/seeseezz/zz/jimmyzz/node_modules/.pnpm/next@16.2.10_@babel+core@7.29.7_react-dom@19.2.7_react@19.2.7__react@19.2.7/node_modules/next/dist/server/base-server.js:1753:26)
[  546757ms] [LOG] [HMR] connected @ http://localhost:3000/_next/static/chunks/0g7g_next_dist_00mhofs._.js:1226
[  546766ms] [ERROR] ./src/components/curve-gallery.tsx:76:443
Expression expected
  74 | ...
  75 | ...
> 76 | ...+images.length)%images.length);}}>
     |                                     ^
  77 | ...wRight size={18}/></button><button onClick={close} aria-label="关闭...
  78 | ...
  79 | ...

Parsing ecmascript source code failed

Import traces:
  Client Component Browser:
    ./src/components/curve-gallery.tsx [Client Component Browser]
    ./src/components/home-page.tsx [Client Component Browser]
    ./src/components/home-page.tsx [Server Component]
    ./src/app/page.tsx [Server Component]

  Client Component SSR:
    ./src/components/curve-gallery.tsx [Client Component SSR]
    ./src/components/home-page.tsx [Client Component SSR]
    ./src/components/home-page.tsx [Server Component]
    ./src/app/page.tsx [Server Component] @ http://localhost:3000/_next/static/chunks/0g7g_next_dist_00mhofs._.js:1945
[  546766ms] [ERROR] ./src/components/curve-gallery.tsx:78:5
Unterminated regexp literal
  76 |    <dialog className="gallery-lightbox" ref={dialog} aria-labelledby="...
  77 |      <div className="gallery-lightbox-inner" data-lenis-prevent><div c...
> 78 |    </dialog>
     |     ^^^^^^^^
  79 |  </section>;
  80 | }
  81 |

Parsing ecmascript source code failed

Import traces:
  Client Component Browser:
    ./src/components/curve-gallery.tsx [Client Component Browser]
    ./src/components/home-page.tsx [Client Component Browser]
    ./src/components/home-page.tsx [Server Component]
    ./src/app/page.tsx [Server Component]

  Client Component SSR:
    ./src/components/curve-gallery.tsx [Client Component SSR]
    ./src/components/home-page.tsx [Client Component SSR]
    ./src/components/home-page.tsx [Server Component]
    ./src/app/page.tsx [Server Component] @ http://localhost:3000/_next/static/chunks/0g7g_next_dist_00mhofs._.js:1945
[  546810ms] [ERROR] ./src/components/curve-gallery.tsx:76:443
Expression expected
  74 | ...
  75 | ...
> 76 | ...+images.length)%images.length);}}>
     |                                     ^
  77 | ...wRight size={18}/></button><button onClick={close} aria-label="关闭...
  78 | ...
  79 | ...

Parsing ecmascript source code failed

Import traces:
  Client Component Browser:
    ./src/components/curve-gallery.tsx [Client Component Browser]
    ./src/components/home-page.tsx [Client Component Browser]
    ./src/components/home-page.tsx [Server Component]
    ./src/app/page.tsx [Server Component]

  Client Component SSR:
    ./src/components/curve-gallery.tsx [Client Component SSR]
    ./src/components/home-page.tsx [Client Component SSR]
    ./src/components/home-page.tsx [Server Component]
    ./src/app/page.tsx [Server Component] @ http://localhost:3000/_next/static/chunks/0g7g_next_dist_00mhofs._.js:1945
[  546810ms] [ERROR] ./src/components/curve-gallery.tsx:78:5
Unterminated regexp literal
  76 |    <dialog className="gallery-lightbox" ref={dialog} aria-labelledby="...
  77 |      <div className="gallery-lightbox-inner" data-lenis-prevent><div c...
> 78 |    </dialog>
     |     ^^^^^^^^
  79 |  </section>;
  80 | }
  81 |

Parsing ecmascript source code failed

Import traces:
  Client Component Browser:
    ./src/components/curve-gallery.tsx [Client Component Browser]
    ./src/components/home-page.tsx [Client Component Browser]
    ./src/components/home-page.tsx [Server Component]
    ./src/app/page.tsx [Server Component]

  Client Component SSR:
    ./src/components/curve-gallery.tsx [Client Component SSR]
    ./src/components/home-page.tsx [Client Component SSR]
    ./src/components/home-page.tsx [Server Component]
    ./src/app/page.tsx [Server Component] @ http://localhost:3000/_next/static/chunks/0g7g_next_dist_00mhofs._.js:1945
[  546848ms] [ERROR] ./src/components/curve-gallery.tsx:76:443
Expression expected
  74 | ...
  75 | ...
> 76 | ...+images.length)%images.length);}}>
     |                                     ^
  77 | ...wRight size={18}/></button><button onClick={close} aria-label="关闭...
  78 | ...
  79 | ...

Parsing ecmascript source code failed

Import traces:
  Client Component Browser:
    ./src/components/curve-gallery.tsx [Client Component Browser]
    ./src/components/home-page.tsx [Client Component Browser]
    ./src/components/home-page.tsx [Server Component]
    ./src/app/page.tsx [Server Component]

  Client Component SSR:
    ./src/components/curve-gallery.tsx [Client Component SSR]
    ./src/components/home-page.tsx [Client Component SSR]
    ./src/components/home-page.tsx [Server Component]
    ./src/app/page.tsx [Server Component] @ http://localhost:3000/_next/static/chunks/0g7g_next_dist_00mhofs._.js:1945
[  546849ms] [ERROR] ./src/components/curve-gallery.tsx:78:5
Unterminated regexp literal
  76 |    <dialog className="gallery-lightbox" ref={dialog} aria-labelledby="...
  77 |      <div className="gallery-lightbox-inner" data-lenis-prevent><div c...
> 78 |    </dialog>
     |     ^^^^^^^^
  79 |  </section>;
  80 | }
  81 |

Parsing ecmascript source code failed

Import traces:
  Client Component Browser:
    ./src/components/curve-gallery.tsx [Client Component Browser]
    ./src/components/home-page.tsx [Client Component Browser]
    ./src/components/home-page.tsx [Server Component]
    ./src/app/page.tsx [Server Component]

  Client Component SSR:
    ./src/components/curve-gallery.tsx [Client Component SSR]
    ./src/components/home-page.tsx [Client Component SSR]
    ./src/components/home-page.tsx [Server Component]
    ./src/app/page.tsx [Server Component] @ http://localhost:3000/_next/static/chunks/0g7g_next_dist_00mhofs._.js:1945
[  546905ms] [ERROR] ./src/components/curve-gallery.tsx:76:443
Expression expected
  74 | ...
  75 | ...
> 76 | ...+images.length)%images.length);}}>
     |                                     ^
  77 | ...wRight size={18}/></button><button onClick={close} aria-label="关闭...
  78 | ...
  79 | ...

Parsing ecmascript source code failed

Import traces:
  Client Component Browser:
    ./src/components/curve-gallery.tsx [Client Component Browser]
    ./src/components/home-page.tsx [Client Component Browser]
    ./src/components/home-page.tsx [Server Component]
    ./src/app/page.tsx [Server Component]

  Client Component SSR:
    ./src/components/curve-gallery.tsx [Client Component SSR]
    ./src/components/home-page.tsx [Client Component SSR]
    ./src/components/home-page.tsx [Server Component]
    ./src/app/page.tsx [Server Component] @ http://localhost:3000/_next/static/chunks/0g7g_next_dist_00mhofs._.js:1945
[  546905ms] [ERROR] ./src/components/curve-gallery.tsx:78:5
Unterminated regexp literal
  76 |    <dialog className="gallery-lightbox" ref={dialog} aria-labelledby="...
  77 |      <div className="gallery-lightbox-inner" data-lenis-prevent><div c...
> 78 |    </dialog>
     |     ^^^^^^^^
  79 |  </section>;
  80 | }
  81 |

Parsing ecmascript source code failed

Import traces:
  Client Component Browser:
    ./src/components/curve-gallery.tsx [Client Component Browser]
    ./src/components/home-page.tsx [Client Component Browser]
    ./src/components/home-page.tsx [Server Component]
    ./src/app/page.tsx [Server Component]

  Client Component SSR:
    ./src/components/curve-gallery.tsx [Client Component SSR]
    ./src/components/home-page.tsx [Client Component SSR]
    ./src/components/home-page.tsx [Server Component]
    ./src/app/page.tsx [Server Component] @ http://localhost:3000/_next/static/chunks/0g7g_next_dist_00mhofs._.js:1945
[  546959ms] [LOG] [Fast Refresh] rebuilding @ http://localhost:3000/_next/static/chunks/0g7g_next_dist_00mhofs._.js:1226
[  547457ms] [ERROR] ./src/components/curve-gallery.tsx:76:443
Expression expected
  74 | ...
  75 | ...
> 76 | ...+images.length)%images.length);}}>
     |                                     ^
  77 | ...wRight size={18}/></button><button onClick={close} aria-label="关闭...
  78 | ...
  79 | ...

Parsing ecmascript source code failed

Import traces:
  Client Component Browser:
    ./src/components/curve-gallery.tsx [Client Component Browser]
    ./src/components/home-page.tsx [Client Component Browser]
    ./src/components/home-page.tsx [Server Component]
    ./src/app/page.tsx [Server Component]

  Client Component SSR:
    ./src/components/curve-gallery.tsx [Client Component SSR]
    ./src/components/home-page.tsx [Client Component SSR]
    ./src/components/home-page.tsx [Server Component]
    ./src/app/page.tsx [Server Component] @ http://localhost:3000/_next/static/chunks/0g7g_next_dist_00mhofs._.js:1945
[  547457ms] [ERROR] ./src/components/curve-gallery.tsx:78:5
Unterminated regexp literal
  76 |    <dialog className="gallery-lightbox" ref={dialog} aria-labelledby="...
  77 |      <div className="gallery-lightbox-inner" data-lenis-prevent><div c...
> 78 |    </dialog>
     |     ^^^^^^^^
  79 |  </section>;
  80 | }
  81 |

Parsing ecmascript source code failed

Import traces:
  Client Component Browser:
    ./src/components/curve-gallery.tsx [Client Component Browser]
    ./src/components/home-page.tsx [Client Component Browser]
    ./src/components/home-page.tsx [Server Component]
    ./src/app/page.tsx [Server Component]

  Client Component SSR:
    ./src/components/curve-gallery.tsx [Client Component SSR]
    ./src/components/home-page.tsx [Client Component SSR]
    ./src/components/home-page.tsx [Server Component]
    ./src/app/page.tsx [Server Component] @ http://localhost:3000/_next/static/chunks/0g7g_next_dist_00mhofs._.js:1945
[  547509ms] [ERROR] ./src/components/curve-gallery.tsx:76:443
Expression expected
  74 | ...
  75 | ...
> 76 | ...+images.length)%images.length);}}>
     |                                     ^
  77 | ...wRight size={18}/></button><button onClick={close} aria-label="关闭...
  78 | ...
  79 | ...

Parsing ecmascript source code failed

Import traces:
  Client Component Browser:
    ./src/components/curve-gallery.tsx [Client Component Browser]
    ./src/components/home-page.tsx [Client Component Browser]
    ./src/components/home-page.tsx [Server Component]
    ./src/app/page.tsx [Server Component]

  Client Component SSR:
    ./src/components/curve-gallery.tsx [Client Component SSR]
    ./src/components/home-page.tsx [Client Component SSR]
    ./src/components/home-page.tsx [Server Component]
    ./src/app/page.tsx [Server Component] @ http://localhost:3000/_next/static/chunks/0g7g_next_dist_00mhofs._.js:1945
[  547509ms] [ERROR] ./src/components/curve-gallery.tsx:78:5
Unterminated regexp literal
  76 |    <dialog className="gallery-lightbox" ref={dialog} aria-labelledby="...
  77 |      <div className="gallery-lightbox-inner" data-lenis-prevent><div c...
> 78 |    </dialog>
     |     ^^^^^^^^
  79 |  </section>;
  80 | }
  81 |

Parsing ecmascript source code failed

Import traces:
  Client Component Browser:
    ./src/components/curve-gallery.tsx [Client Component Browser]
    ./src/components/home-page.tsx [Client Component Browser]
    ./src/components/home-page.tsx [Server Component]
    ./src/app/page.tsx [Server Component]

  Client Component SSR:
    ./src/components/curve-gallery.tsx [Client Component SSR]
    ./src/components/home-page.tsx [Client Component SSR]
    ./src/components/home-page.tsx [Server Component]
    ./src/app/page.tsx [Server Component] @ http://localhost:3000/_next/static/chunks/0g7g_next_dist_00mhofs._.js:1945
[  547561ms] [LOG] [Fast Refresh] rebuilding @ http://localhost:3000/_next/static/chunks/0g7g_next_dist_00mhofs._.js:1226
[  547808ms] [ERROR] ./src/components/curve-gallery.tsx:76:443
Expression expected
  74 | ...
  75 | ...
> 76 | ...+images.length)%images.length);}}>
     |                                     ^
  77 | ...wRight size={18}/></button><button onClick={close} aria-label="关闭...
  78 | ...
  79 | ...

Parsing ecmascript source code failed

Import traces:
  Client Component Browser:
    ./src/components/curve-gallery.tsx [Client Component Browser]
    ./src/components/home-page.tsx [Client Component Browser]
    ./src/components/home-page.tsx [Server Component]
    ./src/app/page.tsx [Server Component]

  Client Component SSR:
    ./src/components/curve-gallery.tsx [Client Component SSR]
    ./src/components/home-page.tsx [Client Component SSR]
    ./src/components/home-page.tsx [Server Component]
    ./src/app/page.tsx [Server Component] @ http://localhost:3000/_next/static/chunks/0g7g_next_dist_00mhofs._.js:1945
[  547808ms] [ERROR] ./src/components/curve-gallery.tsx:78:5
Unterminated regexp literal
  76 |    <dialog className="gallery-lightbox" ref={dialog} aria-labelledby="...
  77 |      <div className="gallery-lightbox-inner" data-lenis-prevent><div c...
> 78 |    </dialog>
     |     ^^^^^^^^
  79 |  </section>;
  80 | }
  81 |

Parsing ecmascript source code failed

Import traces:
  Client Component Browser:
    ./src/components/curve-gallery.tsx [Client Component Browser]
    ./src/components/home-page.tsx [Client Component Browser]
    ./src/components/home-page.tsx [Server Component]
    ./src/app/page.tsx [Server Component]

  Client Component SSR:
    ./src/components/curve-gallery.tsx [Client Component SSR]
    ./src/components/home-page.tsx [Client Component SSR]
    ./src/components/home-page.tsx [Server Component]
    ./src/app/page.tsx [Server Component] @ http://localhost:3000/_next/static/chunks/0g7g_next_dist_00mhofs._.js:1945
[  547868ms] [LOG] [Fast Refresh] rebuilding @ http://localhost:3000/_next/static/chunks/0g7g_next_dist_00mhofs._.js:1226
[  577893ms] [LOG] [Fast Refresh] rebuilding @ http://localhost:3000/_next/static/chunks/0g7g_next_dist_00mhofs._.js:1226
[  578085ms] [ERROR] Failed to load resource: the server responded with a status of 500 (Internal Server Error) @ http://localhost:3000/work:0
[  578130ms] [INFO] %cDownload the React DevTools for a better development experience: https://react.dev/link/react-devtools font-weight:bold @ http://localhost:3000/_next/static/chunks/02ca_react-dom_0ntjfa7._.js:15305
[  578142ms] Error: ./src/components/curve-gallery.tsx:76:443
Expression expected
  74 | ...
  75 | ...
> 76 | ...+images.length)%images.length);}}>
     |                                     ^
  77 | ...wRight size={18}/></button><button onClick={close} aria-label="关闭...
  78 | ...
  79 | ...

Parsing ecmascript source code failed

Import traces:
  Client Component Browser:
    ./src/components/curve-gallery.tsx [Client Component Browser]
    ./src/components/home-page.tsx [Client Component Browser]
    ./src/components/home-page.tsx [Server Component]
    ./src/app/page.tsx [Server Component]

  Client Component SSR:
    ./src/components/curve-gallery.tsx [Client Component SSR]
    ./src/components/home-page.tsx [Client Component SSR]
    ./src/components/home-page.tsx [Server Component]
    ./src/app/page.tsx [Server Component]


    at <unknown> (Error: ./src/components/curve-gallery.tsx:76:443)
    at Object.getCompilationErrors (file:///Users/bytedance/Desktop/seeseezz/zz/jimmyzz/node_modules/.pnpm/next@16.2.10_@babel+core@7.29.7_react-dom@19.2.7_react@19.2.7__react@19.2.7/node_modules/next/dist/server/dev/hot-reloader-turbopack.js:1186:59)
    at DevBundlerService.getCompilationError (file:///Users/bytedance/Desktop/seeseezz/zz/jimmyzz/node_modules/.pnpm/next@16.2.10_@babel+core@7.29.7_react-dom@19.2.7_react@19.2.7__react@19.2.7/node_modules/next/dist/server/lib/dev-bundler-service.js:44:55)
    at DevServer.getCompilationError (file:///Users/bytedance/Desktop/seeseezz/zz/jimmyzz/node_modules/.pnpm/next@16.2.10_@babel+core@7.29.7_react-dom@19.2.7_react@19.2.7__react@19.2.7/node_modules/next/dist/server/dev/next-dev-server.js:720:42)
    at DevServer.findPageComponents (file:///Users/bytedance/Desktop/seeseezz/zz/jimmyzz/node_modules/.pnpm/next@16.2.10_@babel+core@7.29.7_react-dom@19.2.7_react@19.2.7__react@19.2.7/node_modules/next/dist/server/dev/next-dev-server.js:690:43)
    at async DevServer.renderErrorToResponseImpl (file:///Users/bytedance/Desktop/seeseezz/zz/jimmyzz/node_modules/.pnpm/next@16.2.10_@babel+core@7.29.7_react-dom@19.2.7_react@19.2.7__react@19.2.7/node_modules/next/dist/server/base-server.js:1753:26)
[  578245ms] [LOG] [HMR] connected @ http://localhost:3000/_next/static/chunks/0g7g_next_dist_00mhofs._.js:1226
[  578308ms] [ERROR] ./src/components/curve-gallery.tsx:76:443
Expression expected
  74 | ...
  75 | ...
> 76 | ...+images.length)%images.length);}}>
     |                                     ^
  77 | ...wRight size={18}/></button><button onClick={close} aria-label="关闭...
  78 | ...
  79 | ...

Parsing ecmascript source code failed

Import traces:
  Client Component Browser:
    ./src/components/curve-gallery.tsx [Client Component Browser]
    ./src/components/home-page.tsx [Client Component Browser]
    ./src/components/home-page.tsx [Server Component]
    ./src/app/page.tsx [Server Component]

  Client Component SSR:
    ./src/components/curve-gallery.tsx [Client Component SSR]
    ./src/components/home-page.tsx [Client Component SSR]
    ./src/components/home-page.tsx [Server Component]
    ./src/app/page.tsx [Server Component] @ http://localhost:3000/_next/static/chunks/0g7g_next_dist_00mhofs._.js:1945
[  578308ms] [ERROR] ./src/components/curve-gallery.tsx:78:5
Unterminated regexp literal
  76 |    <dialog className="gallery-lightbox" ref={dialog} aria-labelledby="...
  77 |      <div className="gallery-lightbox-inner" data-lenis-prevent><div c...
> 78 |    </dialog>
     |     ^^^^^^^^
  79 |  </section>;
  80 | }
  81 |

Parsing ecmascript source code failed

Import traces:
  Client Component Browser:
    ./src/components/curve-gallery.tsx [Client Component Browser]
    ./src/components/home-page.tsx [Client Component Browser]
    ./src/components/home-page.tsx [Server Component]
    ./src/app/page.tsx [Server Component]

  Client Component SSR:
    ./src/components/curve-gallery.tsx [Client Component SSR]
    ./src/components/home-page.tsx [Client Component SSR]
    ./src/components/home-page.tsx [Server Component]
    ./src/app/page.tsx [Server Component] @ http://localhost:3000/_next/static/chunks/0g7g_next_dist_00mhofs._.js:1945
[  582365ms] [INFO] %cDownload the React DevTools for a better development experience: https://react.dev/link/react-devtools font-weight:bold @ http://localhost:3000/_next/static/chunks/0g7g_next_dist_0sw6wv_._.js:2477
[  582413ms] [LOG] [HMR] connected @ http://localhost:3000/_next/static/chunks/0g7g_next_dist_0sw6wv_._.js:2477
[  594600ms] [LOG] [Fast Refresh] rebuilding @ http://localhost:3000/_next/static/chunks/0g7g_next_dist_0sw6wv_._.js:2477
[  594772ms] [LOG] [Fast Refresh] done in 257ms @ http://localhost:3000/_next/static/chunks/0g7g_next_dist_0sw6wv_._.js:2477
