[     488ms] [INFO] %cDownload the React DevTools for a better development experience: https://react.dev/link/react-devtools font-weight:bold @ http://localhost:3000/_next/static/chunks/0g7g_next_dist_0sw6wv_._.js:2477
[     528ms] [LOG] [HMR] connected @ http://localhost:3000/_next/static/chunks/0g7g_next_dist_0sw6wv_._.js:2477
[     644ms] [LOG] [Fast Refresh] rebuilding @ http://localhost:3000/_next/static/chunks/0g7g_next_dist_0sw6wv_._.js:2477
[     749ms] [LOG] [Fast Refresh] done in 212ms @ http://localhost:3000/_next/static/chunks/0g7g_next_dist_0sw6wv_._.js:2477
[   12565ms] [LOG] [Fast Refresh] rebuilding @ http://localhost:3000/_next/static/chunks/0g7g_next_dist_0sw6wv_._.js:2477
[   12566ms] [LOG] [Fast Refresh] done in 102ms @ http://localhost:3000/_next/static/chunks/0g7g_next_dist_0sw6wv_._.js:2477
[   62275ms] [LOG] [Fast Refresh] rebuilding @ http://localhost:3000/_next/static/chunks/0g7g_next_dist_0sw6wv_._.js:2477
[   62279ms] [LOG] [Fast Refresh] done in 106ms @ http://localhost:3000/_next/static/chunks/0g7g_next_dist_0sw6wv_._.js:2477
[   85891ms] [LOG] [Fast Refresh] rebuilding @ http://localhost:3000/_next/static/chunks/0g7g_next_dist_0sw6wv_._.js:2477
[   86001ms] [LOG] [Fast Refresh] done in 87ms @ http://localhost:3000/_next/static/chunks/0g7g_next_dist_0sw6wv_._.js:2477
[  196036ms] [LOG] [Fast Refresh] rebuilding @ http://localhost:3000/_next/static/chunks/0g7g_next_dist_0sw6wv_._.js:2477
[  196092ms] [LOG] [Fast Refresh] done in 89ms @ http://localhost:3000/_next/static/chunks/0g7g_next_dist_0sw6wv_._.js:2477
[  214745ms] [LOG] [Fast Refresh] rebuilding @ http://localhost:3000/_next/static/chunks/0g7g_next_dist_0sw6wv_._.js:2477
[  214783ms] [LOG] [Fast Refresh] done in 141ms @ http://localhost:3000/_next/static/chunks/0g7g_next_dist_0sw6wv_._.js:2477
[  238198ms] [LOG] [Fast Refresh] rebuilding @ http://localhost:3000/_next/static/chunks/0g7g_next_dist_0sw6wv_._.js:2477
[  238257ms] [LOG] [Fast Refresh] done in 133ms @ http://localhost:3000/_next/static/chunks/0g7g_next_dist_0sw6wv_._.js:2477
[  238335ms] [LOG] [Fast Refresh] rebuilding @ http://localhost:3000/_next/static/chunks/0g7g_next_dist_0sw6wv_._.js:2477
[  238423ms] [LOG] [Fast Refresh] done in 76ms @ http://localhost:3000/_next/static/chunks/0g7g_next_dist_0sw6wv_._.js:2477
[  238471ms] [LOG] [Fast Refresh] rebuilding @ http://localhost:3000/_next/static/chunks/0g7g_next_dist_0sw6wv_._.js:2477
[  238597ms] [LOG] [Fast Refresh] done in 54ms @ http://localhost:3000/_next/static/chunks/0g7g_next_dist_0sw6wv_._.js:2477
[  238854ms] [LOG] [Fast Refresh] rebuilding @ http://localhost:3000/_next/static/chunks/0g7g_next_dist_0sw6wv_._.js:2477
[  239148ms] [LOG] [Fast Refresh] done in 396ms @ http://localhost:3000/_next/static/chunks/0g7g_next_dist_0sw6wv_._.js:2477
[  239308ms] [LOG] [Fast Refresh] rebuilding @ http://localhost:3000/_next/static/chunks/0g7g_next_dist_0sw6wv_._.js:2477
[  239456ms] [LOG] [Fast Refresh] done in 250ms @ http://localhost:3000/_next/static/chunks/0g7g_next_dist_0sw6wv_._.js:2477
[  239587ms] [LOG] [Fast Refresh] rebuilding @ http://localhost:3000/_next/static/chunks/0g7g_next_dist_0sw6wv_._.js:2477
[  239688ms] [LOG] [Fast Refresh] done in 202ms @ http://localhost:3000/_next/static/chunks/0g7g_next_dist_0sw6wv_._.js:2477
[  240189ms] [LOG] [Fast Refresh] rebuilding @ http://localhost:3000/_next/static/chunks/0g7g_next_dist_0sw6wv_._.js:2477
[  240214ms] [LOG] [Fast Refresh] done in 126ms @ http://localhost:3000/_next/static/chunks/0g7g_next_dist_0sw6wv_._.js:2477
[  292642ms] [LOG] [Fast Refresh] rebuilding @ http://localhost:3000/_next/static/chunks/0g7g_next_dist_0sw6wv_._.js:2477
[  292644ms] [LOG] [Fast Refresh] done in 104ms @ http://localhost:3000/_next/static/chunks/0g7g_next_dist_0sw6wv_._.js:2477
[  324524ms] [LOG] [Fast Refresh] rebuilding @ http://localhost:3000/_next/static/chunks/0g7g_next_dist_0sw6wv_._.js:2477
[  324529ms] [LOG] [Fast Refresh] done in 105ms @ http://localhost:3000/_next/static/chunks/0g7g_next_dist_0sw6wv_._.js:2477
